stm32f411e_discovery_audio.c:687:16:I2S3_Init	8	static
stm32f411e_discovery_audio.c:265:9:BSP_AUDIO_OUT_Play	16	static
stm32f411e_discovery_audio.c:287:6:BSP_AUDIO_OUT_ChangeBuffer	0	static
stm32f411e_discovery_audio.c:300:9:BSP_AUDIO_OUT_Pause	8	static
stm32f411e_discovery_audio.c:324:9:BSP_AUDIO_OUT_Resume	8	static
stm32f411e_discovery_audio.c:348:9:BSP_AUDIO_OUT_Stop	16	static
stm32f411e_discovery_audio.c:380:9:BSP_AUDIO_OUT_SetVolume	8	static
stm32f411e_discovery_audio.c:400:9:BSP_AUDIO_OUT_SetMute	8	static
stm32f411e_discovery_audio.c:422:9:BSP_AUDIO_OUT_SetOutputMode	8	static
stm32f411e_discovery_audio.c:442:6:BSP_AUDIO_OUT_SetFrequency	32	static
stm32f411e_discovery_audio.c:509:13:BSP_AUDIO_OUT_ClockConfig	40	static
stm32f411e_discovery_audio.c:553:13:BSP_AUDIO_OUT_MspInit	56	static
stm32f411e_discovery_audio.c:213:9:BSP_AUDIO_OUT_Init	24	static
stm32f411e_discovery_audio.c:623:13:BSP_AUDIO_OUT_MspDeInit	8	static
stm32f411e_discovery_audio.c:661:13:BSP_AUDIO_OUT_TransferComplete_CallBack	0	static
stm32f411e_discovery_audio.c:478:6:HAL_I2S_TxCpltCallback	8	static
stm32f411e_discovery_audio.c:668:13:BSP_AUDIO_OUT_HalfTransfer_CallBack	0	static
stm32f411e_discovery_audio.c:491:6:HAL_I2S_TxHalfCpltCallback	8	static
stm32f411e_discovery_audio.c:675:13:BSP_AUDIO_OUT_Error_CallBack	0	static
stm32f411e_discovery_audio.c:759:9:BSP_AUDIO_IN_Record	8	static
stm32f411e_discovery_audio.c:775:9:BSP_AUDIO_IN_Stop	8	static
stm32f411e_discovery_audio.c:792:9:BSP_AUDIO_IN_Pause	8	static
stm32f411e_discovery_audio.c:805:9:BSP_AUDIO_IN_Resume	8	static
stm32f411e_discovery_audio.c:820:9:BSP_AUDIO_IN_SetVolume	0	static
stm32f411e_discovery_audio.c:835:9:BSP_AUDIO_IN_PDMToPCM	136	static
stm32f411e_discovery_audio.c:891:13:BSP_AUDIO_IN_ClockConfig	32	static
stm32f411e_discovery_audio.c:927:13:BSP_AUDIO_IN_MspInit	64	static
stm32f411e_discovery_audio.c:730:9:BSP_AUDIO_IN_Init	24	static
stm32f411e_discovery_audio.c:993:13:BSP_AUDIO_IN_MspDeInit	8	static
stm32f411e_discovery_audio.c:1025:13:BSP_AUDIO_IN_TransferComplete_CallBack	0	static
stm32f411e_discovery_audio.c:866:6:HAL_I2S_RxCpltCallback	8	static
stm32f411e_discovery_audio.c:1035:13:BSP_AUDIO_IN_HalfTransfer_CallBack	0	static
stm32f411e_discovery_audio.c:876:6:HAL_I2S_RxHalfCpltCallback	8	static
stm32f411e_discovery_audio.c:1045:13:BSP_AUDIO_IN_Error_Callback	0	static
stm32f411e_discovery_audio.c:1127:6:HAL_I2S_ErrorCallback	8	static
