stm32f4xx_it.c:57:6:NMI_Handler	0	static
stm32f4xx_it.c:66:6:HardFault_Handler	0	static
stm32f4xx_it.c:79:6:MemManage_Handler	0	static
stm32f4xx_it.c:92:6:BusFault_Handler	0	static
stm32f4xx_it.c:105:6:UsageFault_Handler	0	static
stm32f4xx_it.c:118:6:SVC_Handler	0	static
stm32f4xx_it.c:127:6:DebugMon_Handler	0	static
stm32f4xx_it.c:136:6:PendSV_Handler	0	static
stm32f4xx_it.c:145:6:SysTick_Handler	8	static
stm32f4xx_it.c:169:6:EXTI0_IRQHandler	0	static
stm32f4xx_it.c:179:6:EXTI4_IRQHandler	0	static
stm32f4xx_it.c:189:6:DMA1_Stream7_IRQHandler	0	static
stm32f4xx_it.c:199:6:DMA1_Stream3_IRQHandler	0	static
stm32f4xx_it.c:209:6:TIM4_IRQHandler	0	static
stm32f4xx_it.c:219:6:OTG_FS_IRQHandler	0	static
