stm32f411e_discovery.c:411:13:SPIx_Init	40	static
stm32f411e_discovery.c:446:16:SPIx_WriteRead	32	static
stm32f411e_discovery.c:294:13:I2Cx_Init	48	static
stm32f411e_discovery.c:340:16:I2Cx_ReadData	32	static
stm32f411e_discovery.c:320:13:I2Cx_WriteData	32	static
stm32f411e_discovery.c:159:10:BSP_GetVersion	0	static
stm32f411e_discovery.c:173:6:BSP_LED_Init	56	static
stm32f411e_discovery.c:200:6:BSP_LED_On	0	static
stm32f411e_discovery.c:214:6:BSP_LED_Off	0	static
stm32f411e_discovery.c:228:6:BSP_LED_Toggle	0	static
stm32f411e_discovery.c:243:6:BSP_PB_Init	32	static
stm32f411e_discovery.c:280:10:BSP_PB_GetState	8	static
stm32f411e_discovery.c:503:6:GYRO_IO_Init	56	static
stm32f411e_discovery.c:536:6:GYRO_IO_Write	16	static
stm32f411e_discovery.c:570:6:GYRO_IO_Read	16	static
stm32f411e_discovery.c:605:6:AUDIO_IO_Init	48	static
stm32f411e_discovery.c:637:6:AUDIO_IO_DeInit	0	static
stm32f411e_discovery.c:648:6:AUDIO_IO_Write	0	static
stm32f411e_discovery.c:659:9:AUDIO_IO_Read	0	static
stm32f411e_discovery.c:669:6:COMPASSACCELERO_IO_Init	32	static
stm32f411e_discovery.c:689:6:COMPASSACCELERO_IO_ITConfig	32	static
stm32f411e_discovery.c:714:6:COMPASSACCELERO_IO_Write	0	static
stm32f411e_discovery.c:726:9:COMPASSACCELERO_IO_Read	0	static
