usbh_conf.c:65:6:HAL_HCD_MspInit	64	static
usbh_conf.c:118:6:HAL_HCD_MspDeInit	0	static
usbh_conf.c:136:6:HAL_HCD_SOF_Callback	0	static
usbh_conf.c:146:6:HAL_HCD_Connect_Callback	0	static
usbh_conf.c:156:6:HAL_HCD_Disconnect_Callback	0	static
usbh_conf.c:167:6:HAL_HCD_HC_NotifyURBChange_Callback	0	static
usbh_conf.c:181:21:USBH_LL_Init	16	static
usbh_conf.c:211:21:USBH_LL_DeInit	8	static
usbh_conf.c:223:21:USBH_LL_Start	8	static
usbh_conf.c:235:21:USBH_LL_Stop	8	static
usbh_conf.c:247:19:USBH_LL_GetSpeed	8	static
usbh_conf.c:278:20:USBH_LL_ResetPort	8	static
usbh_conf.c:291:10:USBH_LL_GetLastXferSize	0	static
usbh_conf.c:308:22:USBH_LL_OpenPipe	24	static
usbh_conf.c:333:20:USBH_LL_ClosePipe	8	static
usbh_conf.c:367:22:USBH_LL_SubmitURB	24	static
usbh_conf.c:402:23:USBH_LL_GetURBState	0	static
usbh_conf.c:417:21:USBH_LL_DriverVBUS	8	static
usbh_conf.c:455:22:USBH_LL_SetToggle	0	static
usbh_conf.c:475:10:USBH_LL_GetToggle	0	static
usbh_conf.c:496:7:USBH_Delay	0	static
