Archive member included to satisfy reference by file (symbol)

C:\Users\Pieter Goos\Google Drive\Stellenbosch University\5th Year\Examples\AudioTest\Middlewares\libPDMFilter_CM4F_GCC.a(pdm_filter.o)
                              Src\stm32f411e_discovery_audio.o (PDM_Filter_Init)
c:/program files (x86)/atollic/truestudio for stm32 9.2.0/armtools/bin/../lib/gcc/arm-atollic-eabi/6.3.1/../../../../arm-atollic-eabi/lib/armv7e-m/fpu\libc_nano.a(lib_a-init.o)
                              startup\startup_stm32f411xe.o (__libc_init_array)
c:/program files (x86)/atollic/truestudio for stm32 9.2.0/armtools/bin/../lib/gcc/arm-atollic-eabi/6.3.1/../../../../arm-atollic-eabi/lib/armv7e-m/fpu\libc_nano.a(lib_a-malloc.o)
                              Middlewares\option\syscall.o (malloc)
c:/program files (x86)/atollic/truestudio for stm32 9.2.0/armtools/bin/../lib/gcc/arm-atollic-eabi/6.3.1/../../../../arm-atollic-eabi/lib/armv7e-m/fpu\libc_nano.a(lib_a-memcpy-stub.o)
                              Middlewares\drivers\usbh_diskio.o (memcpy)
c:/program files (x86)/atollic/truestudio for stm32 9.2.0/armtools/bin/../lib/gcc/arm-atollic-eabi/6.3.1/../../../../arm-atollic-eabi/lib/armv7e-m/fpu\libc_nano.a(lib_a-memset.o)
                              STM32_USB_Host_Library\Class\MSC\Src\usbh_msc.o (memset)
c:/program files (x86)/atollic/truestudio for stm32 9.2.0/armtools/bin/../lib/gcc/arm-atollic-eabi/6.3.1/../../../../arm-atollic-eabi/lib/armv7e-m/fpu\libc_nano.a(lib_a-nano-freer.o)
                              c:/program files (x86)/atollic/truestudio for stm32 9.2.0/armtools/bin/../lib/gcc/arm-atollic-eabi/6.3.1/../../../../arm-atollic-eabi/lib/armv7e-m/fpu\libc_nano.a(lib_a-malloc.o) (_free_r)
c:/program files (x86)/atollic/truestudio for stm32 9.2.0/armtools/bin/../lib/gcc/arm-atollic-eabi/6.3.1/../../../../arm-atollic-eabi/lib/armv7e-m/fpu\libc_nano.a(lib_a-nano-mallocr.o)
                              c:/program files (x86)/atollic/truestudio for stm32 9.2.0/armtools/bin/../lib/gcc/arm-atollic-eabi/6.3.1/../../../../arm-atollic-eabi/lib/armv7e-m/fpu\libc_nano.a(lib_a-malloc.o) (_malloc_r)
c:/program files (x86)/atollic/truestudio for stm32 9.2.0/armtools/bin/../lib/gcc/arm-atollic-eabi/6.3.1/../../../../arm-atollic-eabi/lib/armv7e-m/fpu\libc_nano.a(lib_a-sbrkr.o)
                              c:/program files (x86)/atollic/truestudio for stm32 9.2.0/armtools/bin/../lib/gcc/arm-atollic-eabi/6.3.1/../../../../arm-atollic-eabi/lib/armv7e-m/fpu\libc_nano.a(lib_a-nano-mallocr.o) (_sbrk_r)
c:/program files (x86)/atollic/truestudio for stm32 9.2.0/armtools/bin/../lib/gcc/arm-atollic-eabi/6.3.1/../../../../arm-atollic-eabi/lib/armv7e-m/fpu\libc_nano.a(lib_a-impure.o)
                              c:/program files (x86)/atollic/truestudio for stm32 9.2.0/armtools/bin/../lib/gcc/arm-atollic-eabi/6.3.1/../../../../arm-atollic-eabi/lib/armv7e-m/fpu\libc_nano.a(lib_a-malloc.o) (_impure_ptr)
c:/program files (x86)/atollic/truestudio for stm32 9.2.0/armtools/bin/../lib/gcc/arm-atollic-eabi/6.3.1/../../../../arm-atollic-eabi/lib/armv7e-m/fpu\libc_nano.a(lib_a-mlock.o)
                              c:/program files (x86)/atollic/truestudio for stm32 9.2.0/armtools/bin/../lib/gcc/arm-atollic-eabi/6.3.1/../../../../arm-atollic-eabi/lib/armv7e-m/fpu\libc_nano.a(lib_a-nano-freer.o) (__malloc_lock)
c:/program files (x86)/atollic/truestudio for stm32 9.2.0/armtools/bin/../lib/gcc/arm-atollic-eabi/6.3.1/../../../../arm-atollic-eabi/lib/armv7e-m/fpu\libc_nano.a(lib_a-reent.o)
                              c:/program files (x86)/atollic/truestudio for stm32 9.2.0/armtools/bin/../lib/gcc/arm-atollic-eabi/6.3.1/../../../../arm-atollic-eabi/lib/armv7e-m/fpu\libc_nano.a(lib_a-sbrkr.o) (errno)
c:/program files (x86)/atollic/truestudio for stm32 9.2.0/armtools/bin/../lib/gcc/arm-atollic-eabi/6.3.1/../../../../arm-atollic-eabi/lib/armv7e-m/fpu\libm.a(lib_a-s_cos.o)
                              C:\Users\Pieter Goos\Google Drive\Stellenbosch University\5th Year\Examples\AudioTest\Middlewares\libPDMFilter_CM4F_GCC.a(pdm_filter.o) (cos)
c:/program files (x86)/atollic/truestudio for stm32 9.2.0/armtools/bin/../lib/gcc/arm-atollic-eabi/6.3.1/../../../../arm-atollic-eabi/lib/armv7e-m/fpu\libm.a(lib_a-w_sqrt.o)
                              C:\Users\Pieter Goos\Google Drive\Stellenbosch University\5th Year\Examples\AudioTest\Middlewares\libPDMFilter_CM4F_GCC.a(pdm_filter.o) (sqrt)
c:/program files (x86)/atollic/truestudio for stm32 9.2.0/armtools/bin/../lib/gcc/arm-atollic-eabi/6.3.1/../../../../arm-atollic-eabi/lib/armv7e-m/fpu\libm.a(lib_a-e_rem_pio2.o)
                              c:/program files (x86)/atollic/truestudio for stm32 9.2.0/armtools/bin/../lib/gcc/arm-atollic-eabi/6.3.1/../../../../arm-atollic-eabi/lib/armv7e-m/fpu\libm.a(lib_a-s_cos.o) (__ieee754_rem_pio2)
c:/program files (x86)/atollic/truestudio for stm32 9.2.0/armtools/bin/../lib/gcc/arm-atollic-eabi/6.3.1/../../../../arm-atollic-eabi/lib/armv7e-m/fpu\libm.a(lib_a-e_sqrt.o)
[...]
Memory Configuration

Name             Origin             Length             Attributes
RAM              0x20000000         0x00020000         xrw
FLASH            0x08000000         0x00080000         xr
*default*        0x00000000         0xffffffff

Linker script and memory map

LOAD c:/program files (x86)/atollic/truestudio for stm32 9.2.0/armtools/bin/../lib/gcc/arm-atollic-eabi/6.3.1/armv7e-m/fpu/crti.o
LOAD c:/program files (x86)/atollic/truestudio for stm32 9.2.0/armtools/bin/../lib/gcc/arm-atollic-eabi/6.3.1/armv7e-m/fpu/crtbegin.o
LOAD Components\cs43l22\cs43l22.o
LOAD Components\lsm303dlhc\lsm303dlhc.o
LOAD Drivers\STM32F4xx_HAL_Driver\Src\stm32f4xx_hal.o
LOAD Drivers\STM32F4xx_HAL_Driver\Src\stm32f4xx_hal_cortex.o
LOAD Drivers\STM32F4xx_HAL_Driver\Src\stm32f4xx_hal_dma.o
LOAD Drivers\STM32F4xx_HAL_Driver\Src\stm32f4xx_hal_dma_ex.o
LOAD Drivers\STM32F4xx_HAL_Driver\Src\stm32f4xx_hal_flash.o
LOAD Drivers\STM32F4xx_HAL_Driver\Src\stm32f4xx_hal_flash_ex.o
LOAD Drivers\STM32F4xx_HAL_Driver\Src\stm32f4xx_hal_flash_ramfunc.o
LOAD Drivers\STM32F4xx_HAL_Driver\Src\stm32f4xx_hal_gpio.o
LOAD Drivers\STM32F4xx_HAL_Driver\Src\stm32f4xx_hal_hcd.o
LOAD Drivers\STM32F4xx_HAL_Driver\Src\stm32f4xx_hal_i2c.o
LOAD Drivers\STM32F4xx_HAL_Driver\Src\stm32f4xx_hal_i2c_ex.o
LOAD Drivers\STM32F4xx_HAL_Driver\Src\stm32f4xx_hal_i2s.o
LOAD Drivers\STM32F4xx_HAL_Driver\Src\stm32f4xx_hal_i2s_ex.o
LOAD Drivers\STM32F4xx_HAL_Driver\Src\stm32f4xx_hal_pwr.o
LOAD Drivers\STM32F4xx_HAL_Driver\Src\stm32f4xx_hal_pwr_ex.o
LOAD Drivers\STM32F4xx_HAL_Driver\Src\stm32f4xx_hal_rcc.o
LOAD Drivers\STM32F4xx_HAL_Driver\Src\stm32f4xx_hal_rcc_ex.o
LOAD Drivers\STM32F4xx_HAL_Driver\Src\stm32f4xx_hal_spi.o
LOAD Drivers\STM32F4xx_HAL_Driver\Src\stm32f4xx_hal_tim.o
LOAD Drivers\STM32F4xx_HAL_Driver\Src\stm32f4xx_hal_tim_ex.o
LOAD Drivers\STM32F4xx_HAL_Driver\Src\stm32f4xx_ll_fmc.o
LOAD Drivers\STM32F4xx_HAL_Driver\Src\stm32f4xx_ll_usb.o
LOAD Middlewares\diskio.o
LOAD Middlewares\drivers\usbh_diskio.o
LOAD Middlewares\ff.o
LOAD Middlewares\ff_gen_drv.o
LOAD Middlewares\option\syscall.o
LOAD Middlewares\option\unicode.o
LOAD STM32_USB_Host_Library\Class\MSC\Src\usbh_msc.o
LOAD STM32_USB_Host_Library\Class\MSC\Src\usbh_msc_bot.o
LOAD STM32_USB_Host_Library\Class\MSC\Src\usbh_msc_scsi.o
LOAD STM32_USB_Host_Library\Core\Src\usbh_core.o
LOAD STM32_USB_Host_Library\Core\Src\usbh_ctlreq.o
LOAD STM32_USB_Host_Library\Core\Src\usbh_ioreq.o
LOAD STM32_USB_Host_Library\Core\Src\usbh_pipes.o
LOAD Src\main.o
LOAD Src\stm32f411e_discovery.o
LOAD Src\stm32f411e_discovery_accelerometer.o
LOAD Src\stm32f411e_discovery_audio.o
LOAD Src\stm32f4xx_hal_msp.o
LOAD Src\stm32f4xx_it.o
LOAD Src\system_stm32f4xx.o
LOAD Src\usbh_conf.o
LOAD Src\waveplayer.o
LOAD Src\waverecorder.o
LOAD startup\startup_stm32f411xe.o
LOAD C:\Users\Pieter Goos\Google Drive\Stellenbosch University\5th Year\Examples\AudioTest\Middlewares\libPDMFilter_CM4F_GCC.a
                0x00000080                malloc_getpagesize_P = 0x80
START GROUP
LOAD c:/program files (x86)/atollic/truestudio for stm32 9.2.0/armtools/bin/../lib/gcc/arm-atollic-eabi/6.3.1/../../../../arm-atollic-eabi/lib/armv7e-m/fpu\libc_nano.a
LOAD c:/program files (x86)/atollic/truestudio for stm32 9.2.0/armtools/bin/../lib/gcc/arm-atollic-eabi/6.3.1/../../../../arm-atollic-eabi/lib/armv7e-m/fpu\libm.a
END GROUP
START GROUP
LOAD c:/program files (x86)/atollic/truestudio for stm32 9.2.0/armtools/bin/../lib/gcc/arm-atollic-eabi/6.3.1/armv7e-m/fpu\libgcc.a
LOAD c:/program files (x86)/atollic/truestudio for stm32 9.2.0/armtools/bin/../lib/gcc/arm-atollic-eabi/6.3.1/../../../../arm-atollic-eabi/lib/armv7e-m/fpu\libc_nano.a
END GROUP
START GROUP
LOAD c:/program files (x86)/atollic/truestudio for stm32 9.2.0/armtools/bin/../lib/gcc/arm-atollic-eabi/6.3.1/armv7e-m/fpu\libgcc.a
LOAD c:/program files (x86)/atollic/truestudio for stm32 9.2.0/armtools/bin/../lib/gcc/arm-atollic-eabi/6.3.1/../../../../arm-atollic-eabi/lib/armv7e-m/fpu\libc_nano.a
LOAD c:/program files (x86)/atollic/truestudio for stm32 9.2.0/armtools/bin/../lib/gcc/arm-atollic-eabi/6.3.1/../../../../arm-atollic-eabi/lib/armv7e-m/fpu\libnosys.a
END GROUP
START GROUP
LOAD c:/program files (x86)/atollic/truestudio for stm32 9.2.0/armtools/bin/../lib/gcc/arm-atollic-eabi/6.3.1/armv7e-m/fpu\libgcc.a
LOAD c:/program files (x86)/atollic/truestudio for stm32 9.2.0/armtools/bin/../lib/gcc/arm-atollic-eabi/6.3.1/../../../../arm-atollic-eabi/lib/armv7e-m/fpu\libc_nano.a
LOAD c:/program files (x86)/atollic/truestudio for stm32 9.2.0/armtools/bin/../lib/gcc/arm-atollic-eabi/6.3.1/../../../../arm-atollic-eabi/lib/armv7e-m/fpu\libnosys.a
END GROUP
LOAD c:/program files (x86)/atollic/truestudio for stm32 9.2.0/armtools/bin/../lib/gcc/arm-atollic-eabi/6.3.1/armv7e-m/fpu/crtend.o
LOAD c:/program files (x86)/atollic/truestudio for stm32 9.2.0/armtools/bin/../lib/gcc/arm-atollic-eabi/6.3.1/armv7e-m/fpu/crtn.o
                0x20020000                _estack = 0x20020000
                0x00000200                _Min_Heap_Size = 0x200
                0x00000400                _Min_Stack_Size = 0x400

.isr_vector     0x08000000      0x198
                0x08000000                . = ALIGN (0x4)
 *(.isr_vector)
 .isr_vector    0x08000000      0x198 startup\startup_stm32f411xe.o
                0x08000000                g_pfnVectors
                0x08000198                . = ALIGN (0x4)

.text           0x08000198     0xa968
                0x08000198                . = ALIGN (0x4)
 *(.text)
 .text          0x08000198       0x40 c:/program files (x86)/atollic/truestudio for stm32 9.2.0/armtools/bin/../lib/gcc/arm-atollic-eabi/6.3.1/armv7e-m/fpu/crtbegin.o
 .text          0x080001d8      0x370 c:/program files (x86)/atollic/truestudio for stm32 9.2.0/armtools/bin/../lib/gcc/arm-atollic-eabi/6.3.1/armv7e-m/fpu\libgcc.a(_arm_addsubdf3.o)
                0x080001d8                __aeabi_drsub
                0x080001e0                __aeabi_dsub
                0x080001e0                __subdf3
                0x080001e4                __aeabi_dadd
                0x080001e4                __adddf3
                0x0800045c                __floatunsidf
                0x0800045c                __aeabi_ui2d
                0x0800047c                __floatsidf
                0x0800047c                __aeabi_i2d
                0x080004a0                __aeabi_f2d
                0x080004a0                __extendsfdf2
                0x080004dc                __floatundidf
                0x080004dc                __aeabi_ul2d
                0x080004ec                __floatdidf
                0x080004ec                __aeabi_l2d
 .text          0x08000548      0x424 c:/program files (x86)/atollic/truestudio for stm32 9.2.0/armtools/bin/../lib/gcc/arm-atollic-eabi/6.3.1/armv7e-m/fpu\libgcc.a(_arm_muldivdf3.o)
                0x08000548                __aeabi_dmul
                0x08000548                __muldf3
                0x0800079c                __divdf3
                0x0800079c                __aeabi_ddiv
 .text          0x0800096c      0x110 c:/program files (x86)/atollic/truestudio for stm32 9.2.0/armtools/bin/../lib/gcc/arm-atollic-eabi/6.3.1/armv7e-m/fpu\libgcc.a(_arm_cmpdf2.o)
                0x0800096c                __gtdf2
                0x0800096c                __gedf2
                0x08000974                __ltdf2
                0x08000974                __ledf2
                0x0800097c                __nedf2
                0x0800097c                __eqdf2
                0x0800097c                __cmpdf2
                0x080009f8                __aeabi_cdrcmple
                0x08000a08                __aeabi_cdcmpeq
                0x08000a08                __aeabi_cdcmple
                0x08000a18                __aeabi_dcmpeq
                0x08000a2c                __aeabi_dcmplt
                0x08000a40                __aeabi_dcmple
                0x08000a54                __aeabi_dcmpge
                0x08000a68                __aeabi_dcmpgt
 .text          0x08000a7c       0x2c c:/program files (x86)/atollic/truestudio for stm32 9.2.0/armtools/bin/../lib/gcc/arm-atollic-eabi/6.3.1/armv7e-m/fpu\libgcc.a(_arm_unorddf2.o)
                0x08000a7c                __unorddf2
                0x08000a7c                __aeabi_dcmpun
 .text          0x08000aa8       0x50 c:/program files (x86)/atollic/truestudio for stm32 9.2.0/armtools/bin/../lib/gcc/arm-atollic-eabi/6.3.1/armv7e-m/fpu\libgcc.a(_arm_fixdfsi.o)
                0x08000aa8                __aeabi_d2iz
                0x08000aa8                __fixdfsi
 .text          0x08000af8       0x40 c:/program files (x86)/atollic/truestudio for stm32 9.2.0/armtools/bin/../lib/gcc/arm-atollic-eabi/6.3.1/armv7e-m/fpu\libgcc.a(_arm_fixunsdfsi.o)
                0x08000af8                __aeabi_d2uiz
                0x08000af8                __fixunsdfsi
 .text          0x08000b38       0xa0 c:/program files (x86)/atollic/truestudio for stm32 9.2.0/armtools/bin/../lib/gcc/arm-atollic-eabi/6.3.1/armv7e-m/fpu\libgcc.a(_arm_truncdfsf2.o)
                0x08000b38                __truncdfsf2
                0x08000b38                __aeabi_d2f
 *(.text*)
 .text.cs43l22_SetFrequency
                0x08000bd8        0x4 Components\cs43l22\cs43l22.o
                0x08000bd8                cs43l22_SetFrequency
 .text.cs43l22_Reset
                0x08000bdc        0x4 Components\cs43l22\cs43l22.o
                0x08000bdc                cs43l22_Reset
 .text.cs43l22_SetVolume
                0x08000be0       0x46 Components\cs43l22\cs43l22.o
                0x08000be0                cs43l22_SetVolume
 *fill*         0x08000c26        0x2 
 .text.cs43l22_Init
                0x08000c28       0xc8 Components\cs43l22\cs43l22.o
                0x08000c28                cs43l22_Init
 .text.cs43l22_DeInit
                0x08000cf0        0x4 Components\cs43l22\cs43l22.o
                0x08000cf0                cs43l22_DeInit
 .text.cs43l22_ReadID
                0x08000cf4       0x16 Components\cs43l22\cs43l22.o
                0x08000cf4                cs43l22_ReadID
 .text.cs43l22_SetMute.part.0
                0x08000d0a       0x26 Components\cs43l22\cs43l22.o
 .text.cs43l22_SetMute
                0x08000d30       0x38 Components\cs43l22\cs43l22.o
                0x08000d30                cs43l22_SetMute
 .text.cs43l22_Resume
                0x08000d68       0x44 Components\cs43l22\cs43l22.o
                0x08000d68                cs43l22_Resume
 .text.cs43l22_Pause
                0x08000dac       0x16 Components\cs43l22\cs43l22.o
                0x08000dac                cs43l22_Pause
 *fill*         0x08000dc2        0x2 
 .text.cs43l22_Stop
                0x08000dc4       0x2c Components\cs43l22\cs43l22.o
                0x08000dc4                cs43l22_Stop
 .text.cs43l22_Play
                0x08000df0       0x3c Components\cs43l22\cs43l22.o
                0x08000df0                cs43l22_Play
 .text.cs43l22_SetOutputMode
                0x08000e2c       0x4c Components\cs43l22\cs43l22.o
                0x08000e2c                cs43l22_SetOutputMode
 .text.LSM303DLHC_AccDeInit
                0x08000e78        0x2 Components\lsm303dlhc\lsm303dlhc.o
                0x08000e78                LSM303DLHC_AccDeInit
 .text.LSM303DLHC_AccInit
                0x08000e7a       0x20 Components\lsm303dlhc\lsm303dlhc.o
                0x08000e7a                LSM303DLHC_AccInit
 .text.LSM303DLHC_AccReadID
                0x08000e9a       0x12 Components\lsm303dlhc\lsm303dlhc.o
                0x08000e9a                LSM303DLHC_AccReadID
 .text.LSM303DLHC_AccRebootCmd
                0x08000eac       0x1c Components\lsm303dlhc\lsm303dlhc.o
                0x08000eac                LSM303DLHC_AccRebootCmd
 .text.LSM303DLHC_AccFilterConfig
                0x08000ec8       0x1e Components\lsm303dlhc\lsm303dlhc.o
                0x08000ec8                LSM303DLHC_AccFilterConfig
 .text.LSM303DLHC_AccFilterCmd
                0x08000ee6       0x1e Components\lsm303dlhc\lsm303dlhc.o
                0x08000ee6                LSM303DLHC_AccFilterCmd
 .text.LSM303DLHC_AccReadXYZ
                0x08000f04       0xce Components\lsm303dlhc\lsm303dlhc.o
                0x08000f04                LSM303DLHC_AccReadXYZ
 .text.LSM303DLHC_AccFilterClickCmd
                0x08000fd2       0x1e Components\lsm303dlhc\lsm303dlhc.o
                0x08000fd2                LSM303DLHC_AccFilterClickCmd
 .text.LSM303DLHC_AccIT1Enable
                0x08000ff0       0x1e Components\lsm303dlhc\lsm303dlhc.o
                0x08000ff0                LSM303DLHC_AccIT1Enable
 .text.LSM303DLHC_AccClickITEnable
                0x0800100e       0x46 Components\lsm303dlhc\lsm303dlhc.o
                0x0800100e                LSM303DLHC_AccClickITEnable
 .text.LSM303DLHC_AccZClickITConfig
                0x08001054       0x1c Components\lsm303dlhc\lsm303dlhc.o
                0x08001054                LSM303DLHC_AccZClickITConfig
 .text.HAL_InitTick
                0x08001070       0x28 Drivers\STM32F4xx_HAL_Driver\Src\stm32f4xx_hal.o
                0x08001070                HAL_InitTick
 .text.HAL_Init
                0x08001098       0x34 Drivers\STM32F4xx_HAL_Driver\Src\stm32f4xx_hal.o
                0x08001098                HAL_Init
 .text.HAL_IncTick
                0x080010cc       0x10 Drivers\STM32F4xx_HAL_Driver\Src\stm32f4xx_hal.o
                0x080010cc                HAL_IncTick
 .text.HAL_GetTick
                0x080010dc        0xc Drivers\STM32F4xx_HAL_Driver\Src\stm32f4xx_hal.o
                0x080010dc                HAL_GetTick
 .text.HAL_Delay
                0x080010e8       0x20 Drivers\STM32F4xx_HAL_Driver\Src\stm32f4xx_hal.o
                0x080010e8                HAL_Delay
 .text.HAL_NVIC_SetPriorityGrouping
                0x08001108       0x24 Drivers\STM32F4xx_HAL_Driver\Src\stm32f4xx_hal_cortex.o
                0x08001108                HAL_NVIC_SetPriorityGrouping
 .text.HAL_NVIC_SetPriority
                0x0800112c       0x68 Drivers\STM32F4xx_HAL_Driver\Src\stm32f4xx_hal_cortex.o
                0x0800112c                HAL_NVIC_SetPriority
 .text.HAL_NVIC_EnableIRQ
                0x08001194       0x18 Drivers\STM32F4xx_HAL_Driver\Src\stm32f4xx_hal_cortex.o
                0x08001194                HAL_NVIC_EnableIRQ
 .text.HAL_SYSTICK_Config
                0x080011ac       0x2c Drivers\STM32F4xx_HAL_Driver\Src\stm32f4xx_hal_cortex.o
                0x080011ac                HAL_SYSTICK_Config
 .text.DMA_CalcBaseAndBitshift
                0x080011d8       0x2c Drivers\STM32F4xx_HAL_Driver\Src\stm32f4xx_hal_dma.o
 .text.HAL_DMA_Init
                0x08001204       0xfc Drivers\STM32F4xx_HAL_Driver\Src\stm32f4xx_hal_dma.o
                0x08001204                HAL_DMA_Init
 .text.HAL_DMA_DeInit
                0x08001300       0x48 Drivers\STM32F4xx_HAL_Driver\Src\stm32f4xx_hal_dma.o
                0x08001300                HAL_DMA_DeInit
 .text.HAL_DMA_Start_IT
                0x08001348       0x7c Drivers\STM32F4xx_HAL_Driver\Src\stm32f4xx_hal_dma.o
                0x08001348                HAL_DMA_Start_IT
 .text.HAL_DMA_Abort
                0x080013c4       0x86 Drivers\STM32F4xx_HAL_Driver\Src\stm32f4xx_hal_dma.o
                0x080013c4                HAL_DMA_Abort
 *fill*         0x0800144a        0x2 
 .text.HAL_DMA_IRQHandler
                0x0800144c      0x17c Drivers\STM32F4xx_HAL_Driver\Src\stm32f4xx_hal_dma.o
                0x0800144c                HAL_DMA_IRQHandler
 .text.HAL_GPIO_Init
                0x080015c8      0x1ac Drivers\STM32F4xx_HAL_Driver\Src\stm32f4xx_hal_gpio.o
                0x080015c8                HAL_GPIO_Init
 .text.HAL_GPIO_WritePin
                0x08001774        0xa Drivers\STM32F4xx_HAL_Driver\Src\stm32f4xx_hal_gpio.o
                0x08001774                HAL_GPIO_WritePin
 .text.HAL_GPIO_TogglePin
                0x0800177e        0x8 Drivers\STM32F4xx_HAL_Driver\Src\stm32f4xx_hal_gpio.o
                0x0800177e                HAL_GPIO_TogglePin
 *fill*         0x08001786        0x2 
 .text.HAL_GPIO_EXTI_IRQHandler
                0x08001788       0x18 Drivers\STM32F4xx_HAL_Driver\Src\stm32f4xx_hal_gpio.o
                0x08001788                HAL_GPIO_EXTI_IRQHandler
 .text.HAL_HCD_HC_Init
                0x080017a0       0x62 Drivers\STM32F4xx_HAL_Driver\Src\stm32f4xx_hal_hcd.o
                0x080017a0                HAL_HCD_HC_Init
 .text.HAL_HCD_HC_Halt
                0x08001802       0x24 Drivers\STM32F4xx_HAL_Driver\Src\stm32f4xx_hal_hcd.o
                0x08001802                HAL_HCD_HC_Halt
 .text.HAL_HCD_Init
                0x08001826       0x78 Drivers\STM32F4xx_HAL_Driver\Src\stm32f4xx_hal_hcd.o
                0x08001826                HAL_HCD_Init
 *fill*         0x0800189e        0x2 
 .text.HAL_HCD_HC_SubmitRequest
                0x080018a0      0x100 Drivers\STM32F4xx_HAL_Driver\Src\stm32f4xx_hal_hcd.o
                0x080018a0                HAL_HCD_HC_SubmitRequest
 .text.HAL_HCD_IRQHandler
                0x080019a0      0x61c Drivers\STM32F4xx_HAL_Driver\Src\stm32f4xx_hal_hcd.o
                0x080019a0                HAL_HCD_IRQHandler
 .text.HAL_HCD_Start
                0x08001fbc       0x2c Drivers\STM32F4xx_HAL_Driver\Src\stm32f4xx_hal_hcd.o
                0x08001fbc                HAL_HCD_Start
 .text.HAL_HCD_Stop
                0x08001fe8       0x24 Drivers\STM32F4xx_HAL_Driver\Src\stm32f4xx_hal_hcd.o
                0x08001fe8                HAL_HCD_Stop
 .text.HAL_HCD_ResetPort
                0x0800200c        0x6 Drivers\STM32F4xx_HAL_Driver\Src\stm32f4xx_hal_hcd.o
                0x0800200c                HAL_HCD_ResetPort
 .text.HAL_HCD_HC_GetURBState
                0x08002012        0xc Drivers\STM32F4xx_HAL_Driver\Src\stm32f4xx_hal_hcd.o
                0x08002012                HAL_HCD_HC_GetURBState
 .text.HAL_HCD_HC_GetXferCount
                0x0800201e        0xa Drivers\STM32F4xx_HAL_Driver\Src\stm32f4xx_hal_hcd.o
                0x0800201e                HAL_HCD_HC_GetXferCount
 .text.HAL_HCD_GetCurrentFrame
                0x08002028        0x6 Drivers\STM32F4xx_HAL_Driver\Src\stm32f4xx_hal_hcd.o
                0x08002028                HAL_HCD_GetCurrentFrame
 .text.HAL_HCD_GetCurrentSpeed
                0x0800202e        0x6 Drivers\STM32F4xx_HAL_Driver\Src\stm32f4xx_hal_hcd.o
                0x0800202e                HAL_HCD_GetCurrentSpeed
 .text.I2C_IsAcknowledgeFailed
                0x08002034       0x2a Drivers\STM32F4xx_HAL_Driver\Src\stm32f4xx_hal_i2c.o
 .text.I2C_WaitOnMasterAddressFlagUntilTimeout
                0x0800205e       0x80 Drivers\STM32F4xx_HAL_Driver\Src\stm32f4xx_hal_i2c.o
 .text.I2C_WaitOnFlagUntilTimeout
                0x080020de       0x5c Drivers\STM32F4xx_HAL_Driver\Src\stm32f4xx_hal_i2c.o
 .text.I2C_WaitOnTXEFlagUntilTimeout
                0x0800213a       0x4c Drivers\STM32F4xx_HAL_Driver\Src\stm32f4xx_hal_i2c.o
 *fill*         0x08002186        0x2 
 .text.I2C_RequestMemoryWrite
                0x08002188       0xa4 Drivers\STM32F4xx_HAL_Driver\Src\stm32f4xx_hal_i2c.o
 .text.I2C_RequestMemoryRead
                0x0800222c       0xf4 Drivers\STM32F4xx_HAL_Driver\Src\stm32f4xx_hal_i2c.o
 .text.I2C_WaitOnRXNEFlagUntilTimeout
                0x08002320       0x5a Drivers\STM32F4xx_HAL_Driver\Src\stm32f4xx_hal_i2c.o
 .text.I2C_WaitOnBTFFlagUntilTimeout
                0x0800237a       0x4c Drivers\STM32F4xx_HAL_Driver\Src\stm32f4xx_hal_i2c.o
 .text.HAL_I2C_MspInit
                0x080023c6        0x2 Drivers\STM32F4xx_HAL_Driver\Src\stm32f4xx_hal_i2c.o
                0x080023c6                HAL_I2C_MspInit
 .text.HAL_I2C_Init
                0x080023c8       0xdc Drivers\STM32F4xx_HAL_Driver\Src\stm32f4xx_hal_i2c.o
                0x080023c8                HAL_I2C_Init
 .text.HAL_I2C_MspDeInit
                0x080024a4        0x2 Drivers\STM32F4xx_HAL_Driver\Src\stm32f4xx_hal_i2c.o
                0x080024a4                HAL_I2C_MspDeInit
 .text.HAL_I2C_DeInit
                0x080024a6       0x32 Drivers\STM32F4xx_HAL_Driver\Src\stm32f4xx_hal_i2c.o
                0x080024a6                HAL_I2C_DeInit
 .text.HAL_I2C_Mem_Write
                0x080024d8      0x12c Drivers\STM32F4xx_HAL_Driver\Src\stm32f4xx_hal_i2c.o
                0x080024d8                HAL_I2C_Mem_Write
 .text.HAL_I2C_Mem_Read
                0x08002604      0x220 Drivers\STM32F4xx_HAL_Driver\Src\stm32f4xx_hal_i2c.o
                0x08002604                HAL_I2C_Mem_Read
 .text.HAL_I2C_GetState
                0x08002824        0x6 Drivers\STM32F4xx_HAL_Driver\Src\stm32f4xx_hal_i2c.o
                0x08002824                HAL_I2C_GetState
 .text.HAL_I2S_MspInit
                0x0800282a        0x2 Drivers\STM32F4xx_HAL_Driver\Src\stm32f4xx_hal_i2s.o
                0x0800282a                HAL_I2S_MspInit
 .text.HAL_I2S_Transmit_DMA
                0x0800282c       0xa4 Drivers\STM32F4xx_HAL_Driver\Src\stm32f4xx_hal_i2s.o
                0x0800282c                HAL_I2S_Transmit_DMA
 .text.HAL_I2S_Receive_DMA
                0x080028d0       0xbc Drivers\STM32F4xx_HAL_Driver\Src\stm32f4xx_hal_i2s.o
                0x080028d0                HAL_I2S_Receive_DMA
 .text.HAL_I2S_DMAPause
                0x0800298c       0x70 Drivers\STM32F4xx_HAL_Driver\Src\stm32f4xx_hal_i2s.o
                0x0800298c                HAL_I2S_DMAPause
 .text.HAL_I2S_DMAResume
                0x080029fc       0x88 Drivers\STM32F4xx_HAL_Driver\Src\stm32f4xx_hal_i2s.o
                0x080029fc                HAL_I2S_DMAResume
 .text.HAL_I2S_DMAStop
                0x08002a84       0xac Drivers\STM32F4xx_HAL_Driver\Src\stm32f4xx_hal_i2s.o
                0x08002a84                HAL_I2S_DMAStop
 .text.I2S_DMATxHalfCplt
                0x08002b30        0xa Drivers\STM32F4xx_HAL_Driver\Src\stm32f4xx_hal_i2s.o
 .text.I2S_DMATxCplt
                0x08002b3a       0x28 Drivers\STM32F4xx_HAL_Driver\Src\stm32f4xx_hal_i2s.o
 .text.I2S_DMARxHalfCplt
                0x08002b62        0xa Drivers\STM32F4xx_HAL_Driver\Src\stm32f4xx_hal_i2s.o
 .text.I2S_DMARxCplt
                0x08002b6c       0x28 Drivers\STM32F4xx_HAL_Driver\Src\stm32f4xx_hal_i2s.o
 .text.HAL_I2S_Init
                0x08002b94      0x120 Drivers\STM32F4xx_HAL_Driver\Src\stm32f4xx_hal_i2s.o
                0x08002b94                HAL_I2S_Init
 .text.I2S_IRQHandler
                0x08002cb4      0x10a Drivers\STM32F4xx_HAL_Driver\Src\stm32f4xx_hal_i2s.o
 .text.I2S_DMAError
                0x08002dbe       0x28 Drivers\STM32F4xx_HAL_Driver\Src\stm32f4xx_hal_i2s.o
 .text.HAL_I2S_GetState
                0x08002de6        0x6 Drivers\STM32F4xx_HAL_Driver\Src\stm32f4xx_hal_i2s.o
                0x08002de6                HAL_I2S_GetState
 .text.HAL_I2SEx_TxRxCpltCallback
                0x08002dec        0x2 Drivers\STM32F4xx_HAL_Driver\Src\stm32f4xx_hal_i2s_ex.o
                0x08002dec                HAL_I2SEx_TxRxCpltCallback
 *fill*         0x08002dee        0x2 
 .text.HAL_I2SEx_FullDuplex_IRQHandler
                0x08002df0      0x258 Drivers\STM32F4xx_HAL_Driver\Src\stm32f4xx_hal_i2s_ex.o
                0x08002df0                HAL_I2SEx_FullDuplex_IRQHandler
 .text.HAL_RCC_OscConfig
                0x08003048      0x328 Drivers\STM32F4xx_HAL_Driver\Src\stm32f4xx_hal_rcc.o
                0x08003048                HAL_RCC_OscConfig
 .text.HAL_RCC_GetSysClockFreq
                0x08003370       0x74 Drivers\STM32F4xx_HAL_Driver\Src\stm32f4xx_hal_rcc.o
                0x08003370                HAL_RCC_GetSysClockFreq
 .text.HAL_RCC_ClockConfig
                0x080033e4      0x16c Drivers\STM32F4xx_HAL_Driver\Src\stm32f4xx_hal_rcc.o
                0x080033e4                HAL_RCC_ClockConfig
 .text.HAL_RCC_GetPCLK1Freq
                0x08003550       0x30 Drivers\STM32F4xx_HAL_Driver\Src\stm32f4xx_hal_rcc.o
                0x08003550                HAL_RCC_GetPCLK1Freq
 .text.HAL_RCCEx_PeriphCLKConfig
                0x08003580      0x15c Drivers\STM32F4xx_HAL_Driver\Src\stm32f4xx_hal_rcc_ex.o
                0x08003580                HAL_RCCEx_PeriphCLKConfig
 .text.HAL_RCCEx_GetPeriphCLKConfig
                0x080036dc       0x64 Drivers\STM32F4xx_HAL_Driver\Src\stm32f4xx_hal_rcc_ex.o
                0x080036dc                HAL_RCCEx_GetPeriphCLKConfig
 .text.HAL_RCCEx_GetPeriphCLKFreq
                0x08003740       0x5c Drivers\STM32F4xx_HAL_Driver\Src\stm32f4xx_hal_rcc_ex.o
                0x08003740                HAL_RCCEx_GetPeriphCLKFreq
 .text.TIM_OC1_SetConfig
                0x0800379c       0x50 Drivers\STM32F4xx_HAL_Driver\Src\stm32f4xx_hal_tim.o
 .text.TIM_OC3_SetConfig
                0x080037ec       0x54 Drivers\STM32F4xx_HAL_Driver\Src\stm32f4xx_hal_tim.o
 .text.TIM_OC4_SetConfig
                0x08003840       0x44 Drivers\STM32F4xx_HAL_Driver\Src\stm32f4xx_hal_tim.o
 .text.HAL_TIM_OC_MspInit
                0x08003884        0x2 Drivers\STM32F4xx_HAL_Driver\Src\stm32f4xx_hal_tim.o
                0x08003884                HAL_TIM_OC_MspInit
 .text.HAL_TIM_ReadCapturedValue
                0x08003886       0x46 Drivers\STM32F4xx_HAL_Driver\Src\stm32f4xx_hal_tim.o
                0x08003886                HAL_TIM_ReadCapturedValue
 .text.HAL_TIM_PeriodElapsedCallback
                0x080038cc        0x2 Drivers\STM32F4xx_HAL_Driver\Src\stm32f4xx_hal_tim.o
                0x080038cc                HAL_TIM_PeriodElapsedCallback
 .text.HAL_TIM_IC_CaptureCallback
                0x080038ce        0x2 Drivers\STM32F4xx_HAL_Driver\Src\stm32f4xx_hal_tim.o
                0x080038ce                HAL_TIM_IC_CaptureCallback
 .text.HAL_TIM_PWM_PulseFinishedCallback
                0x080038d0        0x2 Drivers\STM32F4xx_HAL_Driver\Src\stm32f4xx_hal_tim.o
                0x080038d0                HAL_TIM_PWM_PulseFinishedCallback
 .text.HAL_TIM_TriggerCallback
                0x080038d2        0x2 Drivers\STM32F4xx_HAL_Driver\Src\stm32f4xx_hal_tim.o
                0x080038d2                HAL_TIM_TriggerCallback
 .text.HAL_TIM_IRQHandler
                0x080038d4      0x144 Drivers\STM32F4xx_HAL_Driver\Src\stm32f4xx_hal_tim.o
                0x080038d4                HAL_TIM_IRQHandler
 .text.TIM_Base_SetConfig
                0x08003a18       0x98 Drivers\STM32F4xx_HAL_Driver\Src\stm32f4xx_hal_tim.o
                0x08003a18                TIM_Base_SetConfig
 .text.HAL_TIM_OC_Init
                0x08003ab0       0x34 Drivers\STM32F4xx_HAL_Driver\Src\stm32f4xx_hal_tim.o
                0x08003ab0                HAL_TIM_OC_Init
 .text.TIM_OC2_SetConfig
                0x08003ae4       0x58 Drivers\STM32F4xx_HAL_Driver\Src\stm32f4xx_hal_tim.o
                0x08003ae4                TIM_OC2_SetConfig
 .text.HAL_TIM_OC_ConfigChannel
                0x08003b3c       0x5c Drivers\STM32F4xx_HAL_Driver\Src\stm32f4xx_hal_tim.o
                0x08003b3c                HAL_TIM_OC_ConfigChannel
 .text.TIM_CCxChannelCmd
                0x08003b98       0x18 Drivers\STM32F4xx_HAL_Driver\Src\stm32f4xx_hal_tim.o
                0x08003b98                TIM_CCxChannelCmd
 .text.HAL_TIM_PWM_Start_IT
                0x08003bb0       0x6c Drivers\STM32F4xx_HAL_Driver\Src\stm32f4xx_hal_tim.o
                0x08003bb0                HAL_TIM_PWM_Start_IT
 .text.HAL_TIM_OC_Start_IT
                0x08003c1c        0x4 Drivers\STM32F4xx_HAL_Driver\Src\stm32f4xx_hal_tim.o
                0x08003c1c                HAL_TIM_OC_Start_IT
 .text.HAL_TIMEx_CommutationCallback
                0x08003c20        0x2 Drivers\STM32F4xx_HAL_Driver\Src\stm32f4xx_hal_tim_ex.o
                0x08003c20                HAL_TIMEx_CommutationCallback
 .text.HAL_TIMEx_BreakCallback
                0x08003c22        0x2 Drivers\STM32F4xx_HAL_Driver\Src\stm32f4xx_hal_tim_ex.o
                0x08003c22                HAL_TIMEx_BreakCallback
 .text.USB_CoreInit
                0x08003c24       0x74 Drivers\STM32F4xx_HAL_Driver\Src\stm32f4xx_ll_usb.o
                0x08003c24                USB_CoreInit
 .text.USB_EnableGlobalInt
                0x08003c98        0xc Drivers\STM32F4xx_HAL_Driver\Src\stm32f4xx_ll_usb.o
                0x08003c98                USB_EnableGlobalInt
 .text.USB_DisableGlobalInt
                0x08003ca4        0xc Drivers\STM32F4xx_HAL_Driver\Src\stm32f4xx_ll_usb.o
                0x08003ca4                USB_DisableGlobalInt
 .text.USB_SetCurrentMode
                0x08003cb0       0x2e Drivers\STM32F4xx_HAL_Driver\Src\stm32f4xx_ll_usb.o
                0x08003cb0                USB_SetCurrentMode
 *fill*         0x08003cde        0x2 
 .text.USB_FlushTxFifo
                0x08003ce0       0x24 Drivers\STM32F4xx_HAL_Driver\Src\stm32f4xx_ll_usb.o
                0x08003ce0                USB_FlushTxFifo
 .text.USB_FlushRxFifo
                0x08003d04       0x20 Drivers\STM32F4xx_HAL_Driver\Src\stm32f4xx_ll_usb.o
                0x08003d04                USB_FlushRxFifo
 .text.USB_WritePacket
                0x08003d24       0x28 Drivers\STM32F4xx_HAL_Driver\Src\stm32f4xx_ll_usb.o
                0x08003d24                USB_WritePacket
 .text.USB_ReadPacket
                0x08003d4c       0x1c Drivers\STM32F4xx_HAL_Driver\Src\stm32f4xx_ll_usb.o
                0x08003d4c                USB_ReadPacket
 .text.USB_ReadInterrupts
                0x08003d68        0x8 Drivers\STM32F4xx_HAL_Driver\Src\stm32f4xx_ll_usb.o
                0x08003d68                USB_ReadInterrupts
 .text.USB_GetMode
                0x08003d70        0x8 Drivers\STM32F4xx_HAL_Driver\Src\stm32f4xx_ll_usb.o
                0x08003d70                USB_GetMode
 .text.USB_CoreReset
                0x08003d78       0x30 Drivers\STM32F4xx_HAL_Driver\Src\stm32f4xx_ll_usb.o
 .text.USB_HostInit
                0x08003da8       0xe4 Drivers\STM32F4xx_HAL_Driver\Src\stm32f4xx_ll_usb.o
                0x08003da8                USB_HostInit
 .text.USB_InitFSLSPClkSel
                0x08003e8c       0x3a Drivers\STM32F4xx_HAL_Driver\Src\stm32f4xx_ll_usb.o
                0x08003e8c                USB_InitFSLSPClkSel
 .text.USB_ResetPort
                0x08003ec6       0x32 Drivers\STM32F4xx_HAL_Driver\Src\stm32f4xx_ll_usb.o
                0x08003ec6                USB_ResetPort
 .text.USB_DriveVbus
                0x08003ef8       0x3c Drivers\STM32F4xx_HAL_Driver\Src\stm32f4xx_ll_usb.o
                0x08003ef8                USB_DriveVbus
 .text.USB_GetHostSpeed
                0x08003f34       0x12 Drivers\STM32F4xx_HAL_Driver\Src\stm32f4xx_ll_usb.o
                0x08003f34                USB_GetHostSpeed
 .text.USB_GetCurrentFrame
                0x08003f46        0xa Drivers\STM32F4xx_HAL_Driver\Src\stm32f4xx_ll_usb.o
                0x08003f46                USB_GetCurrentFrame
 .text.USB_HC_Init
                0x08003f50       0xd8 Drivers\STM32F4xx_HAL_Driver\Src\stm32f4xx_ll_usb.o
                0x08003f50                USB_HC_Init
 .text.USB_HC_StartXfer
                0x08004028      0x27c Drivers\STM32F4xx_HAL_Driver\Src\stm32f4xx_ll_usb.o
                0x08004028                USB_HC_StartXfer
 .text.USB_HC_ReadInterrupt
                0x080042a4       0x1e Drivers\STM32F4xx_HAL_Driver\Src\stm32f4xx_ll_usb.o
                0x080042a4                USB_HC_ReadInterrupt
 .text.USB_HC_Halt
                0x080042c2      0x1d2 Drivers\STM32F4xx_HAL_Driver\Src\stm32f4xx_ll_usb.o
                0x080042c2                USB_HC_Halt
 .text.USB_DoPing
                0x08004494       0x78 Drivers\STM32F4xx_HAL_Driver\Src\stm32f4xx_ll_usb.o
                0x08004494                USB_DoPing
 .text.USB_StopHost
                0x0800450c      0x108 Drivers\STM32F4xx_HAL_Driver\Src\stm32f4xx_ll_usb.o
                0x0800450c                USB_StopHost
 .text.disk_status
                0x08004614       0x14 Middlewares\diskio.o
                0x08004614                disk_status
 .text.disk_initialize
                0x08004628       0x20 Middlewares\diskio.o
                0x08004628                disk_initialize
 .text.disk_read
                0x08004648       0x1c Middlewares\diskio.o
                0x08004648                disk_read
 .text.disk_write
                0x08004664       0x1c Middlewares\diskio.o
                0x08004664                disk_write
 .text.disk_ioctl
                0x08004680       0x1c Middlewares\diskio.o
                0x08004680                disk_ioctl
 .text.get_fattime
                0x0800469c        0x4 Middlewares\diskio.o
                0x0800469c                get_fattime
 .text.USBH_initialize
                0x080046a0        0x4 Middlewares\drivers\usbh_diskio.o
                0x080046a0                USBH_initialize
 .text.USBH_status
                0x080046a4       0x18 Middlewares\drivers\usbh_diskio.o
                0x080046a4                USBH_status
 .text.USBH_read
                0x080046bc       0x98 Middlewares\drivers\usbh_diskio.o
                0x080046bc                USBH_read
 .text.USBH_ioctl
                0x08004754       0x4c Middlewares\drivers\usbh_diskio.o
                0x08004754                USBH_ioctl
 .text.USBH_write
                0x080047a0       0x9c Middlewares\drivers\usbh_diskio.o
                0x080047a0                USBH_write
 .text.mem_cpy  0x0800483c       0x14 Middlewares\ff.o
 .text.mem_set  0x08004850        0xe Middlewares\ff.o
 *fill*         0x0800485e        0x2 
 .text.chk_lock
                0x08004860       0x64 Middlewares\ff.o
 .text.inc_lock
                0x080048c4       0x8c Middlewares\ff.o
 .text.dec_lock
                0x08004950       0x38 Middlewares\ff.o
 .text.sum_sfn  0x08004988       0x1e Middlewares\ff.o
 .text.get_ldnumber
                0x080049a6       0x30 Middlewares\ff.o
 .text.validate
                0x080049d6       0x2e Middlewares\ff.o
 .text.ld_clust.isra.0
                0x08004a04       0x1c Middlewares\ff.o
 .text.sync_window.part.1
                0x08004a20       0x52 Middlewares\ff.o
 .text.sync_window
                0x08004a72        0xe Middlewares\ff.o
 .text.sync_fs  0x08004a80       0xba Middlewares\ff.o
 .text.move_window
                0x08004b3a       0x3a Middlewares\ff.o
 .text.check_fs
                0x08004b74       0x58 Middlewares\ff.o
 .text.find_volume
                0x08004bcc      0x278 Middlewares\ff.o
 .text.clust2sect
                0x08004e44       0x1c Middlewares\ff.o
                0x08004e44                clust2sect
 .text.get_fat  0x08004e60       0xc2 Middlewares\ff.o
                0x08004e60                get_fat
 .text.dir_sdi  0x08004f22       0x9e Middlewares\ff.o
 .text.put_fat  0x08004fc0       0xf4 Middlewares\ff.o
                0x08004fc0                put_fat
 .text.create_chain
                0x080050b4       0xb2 Middlewares\ff.o
 .text.dir_next
                0x08005166      0x11e Middlewares\ff.o
 .text.dir_find.part.6
                0x08005284      0x13c Middlewares\ff.o
 .text.follow_path
                0x080053c0      0x280 Middlewares\ff.o
 .text.dir_register
                0x08005640      0x274 Middlewares\ff.o
 .text.dir_remove
                0x080058b4       0x6c Middlewares\ff.o
 .text.dir_read.constprop.11
                0x08005920      0x108 Middlewares\ff.o
 .text.remove_chain
                0x08005a28       0x64 Middlewares\ff.o
 .text.f_mount  0x08005a8c       0x6c Middlewares\ff.o
                0x08005a8c                f_mount
 .text.f_open   0x08005af8      0x1c4 Middlewares\ff.o
                0x08005af8                f_open
 .text.f_read   0x08005cbc      0x17a Middlewares\ff.o
                0x08005cbc                f_read
 .text.f_write  0x08005e36      0x1cc Middlewares\ff.o
                0x08005e36                f_write
 .text.f_sync   0x08006002       0xc0 Middlewares\ff.o
                0x08006002                f_sync
 .text.f_close  0x080060c2       0x22 Middlewares\ff.o
                0x080060c2                f_close
 .text.f_lseek  0x080060e4      0x17e Middlewares\ff.o
                0x080060e4                f_lseek
 .text.f_opendir
                0x08006262       0xb8 Middlewares\ff.o
                0x08006262                f_opendir
 .text.f_unlink
                0x0800631a       0xcc Middlewares\ff.o
                0x0800631a                f_unlink
 *fill*         0x080063e6        0x2 
 .text.FATFS_LinkDriverEx
                0x080063e8       0x44 Middlewares\ff_gen_drv.o
                0x080063e8                FATFS_LinkDriverEx
 .text.FATFS_LinkDriver
                0x0800642c        0x6 Middlewares\ff_gen_drv.o
                0x0800642c                FATFS_LinkDriver
 .text.ff_memalloc
                0x08006432        0x4 Middlewares\option\syscall.o
                0x08006432                ff_memalloc
 .text.ff_memfree
                0x08006436        0x4 Middlewares\option\syscall.o
                0x08006436                ff_memfree
 *fill*         0x0800643a        0x2 
 .text.ff_convert
                0x0800643c       0x3c Middlewares\option\unicode.o
                0x0800643c                ff_convert
 .text.ff_wtoupper
                0x08006478       0x24 Middlewares\option\unicode.o
                0x08006478                ff_wtoupper
 .text.USBH_MSC_SOFProcess
                0x0800649c        0x4 STM32_USB_Host_Library\Class\MSC\Src\usbh_msc.o
 .text.USBH_MSC_Process
                0x080064a0      0x1c4 STM32_USB_Host_Library\Class\MSC\Src\usbh_msc.o
 .text.USBH_MSC_ClassRequest
                0x08006664       0x66 STM32_USB_Host_Library\Class\MSC\Src\usbh_msc.o
 .text.USBH_MSC_InterfaceDeInit
                0x080066ca       0x4c STM32_USB_Host_Library\Class\MSC\Src\usbh_msc.o
 .text.USBH_MSC_InterfaceInit
                0x08006716       0xfa STM32_USB_Host_Library\Class\MSC\Src\usbh_msc.o
 .text.USBH_MSC_RdWrProcess
                0x08006810       0x76 STM32_USB_Host_Library\Class\MSC\Src\usbh_msc.o
 .text.USBH_MSC_UnitIsReady
                0x08006886       0x22 STM32_USB_Host_Library\Class\MSC\Src\usbh_msc.o
                0x08006886                USBH_MSC_UnitIsReady
 .text.USBH_MSC_GetLUNInfo
                0x080068a8       0x30 STM32_USB_Host_Library\Class\MSC\Src\usbh_msc.o
                0x080068a8                USBH_MSC_GetLUNInfo
 .text.USBH_MSC_Read
                0x080068d8       0x86 STM32_USB_Host_Library\Class\MSC\Src\usbh_msc.o
                0x080068d8                USBH_MSC_Read
 .text.USBH_MSC_Write
                0x0800695e       0x86 STM32_USB_Host_Library\Class\MSC\Src\usbh_msc.o
                0x0800695e                USBH_MSC_Write
 .text.USBH_MSC_BOT_REQ_Reset
                0x080069e4       0x16 STM32_USB_Host_Library\Class\MSC\Src\usbh_msc_bot.o
                0x080069e4                USBH_MSC_BOT_REQ_Reset
 .text.USBH_MSC_BOT_REQ_GetMaxLUN
                0x080069fa       0x16 STM32_USB_Host_Library\Class\MSC\Src\usbh_msc_bot.o
                0x080069fa                USBH_MSC_BOT_REQ_GetMaxLUN
 .text.USBH_MSC_BOT_Init
                0x08006a10       0x24 STM32_USB_Host_Library\Class\MSC\Src\usbh_msc_bot.o
                0x08006a10                USBH_MSC_BOT_Init
 .text.USBH_MSC_BOT_Process
                0x08006a34      0x1dc STM32_USB_Host_Library\Class\MSC\Src\usbh_msc_bot.o
                0x08006a34                USBH_MSC_BOT_Process
 .text.USBH_MSC_SCSI_TestUnitReady
                0x08006c10       0x4c STM32_USB_Host_Library\Class\MSC\Src\usbh_msc_scsi.o
                0x08006c10                USBH_MSC_SCSI_TestUnitReady
 .text.USBH_MSC_SCSI_ReadCapacity
                0x08006c5c       0x7e STM32_USB_Host_Library\Class\MSC\Src\usbh_msc_scsi.o
                0x08006c5c                USBH_MSC_SCSI_ReadCapacity
 .text.USBH_MSC_SCSI_Inquiry
                0x08006cda       0xd4 STM32_USB_Host_Library\Class\MSC\Src\usbh_msc_scsi.o
                0x08006cda                USBH_MSC_SCSI_Inquiry
 .text.USBH_MSC_SCSI_RequestSense
                0x08006dae       0x92 STM32_USB_Host_Library\Class\MSC\Src\usbh_msc_scsi.o
                0x08006dae                USBH_MSC_SCSI_RequestSense
 .text.USBH_MSC_SCSI_Write
                0x08006e40       0x88 STM32_USB_Host_Library\Class\MSC\Src\usbh_msc_scsi.o
                0x08006e40                USBH_MSC_SCSI_Write
 .text.USBH_MSC_SCSI_Read
                0x08006ec8       0x8a STM32_USB_Host_Library\Class\MSC\Src\usbh_msc_scsi.o
                0x08006ec8                USBH_MSC_SCSI_Read
 .text.DeInitStateMachine
                0x08006f52       0x44 STM32_USB_Host_Library\Core\Src\usbh_core.o
 .text.USBH_Init
                0x08006f96       0x2e STM32_USB_Host_Library\Core\Src\usbh_core.o
                0x08006f96                USBH_Init
 .text.USBH_RegisterClass
                0x08006fc4       0x1a STM32_USB_Host_Library\Core\Src\usbh_core.o
                0x08006fc4                USBH_RegisterClass
 .text.USBH_SelectInterface
                0x08006fde       0x12 STM32_USB_Host_Library\Core\Src\usbh_core.o
                0x08006fde                USBH_SelectInterface
 .text.USBH_FindInterface
                0x08006ff0       0x3a STM32_USB_Host_Library\Core\Src\usbh_core.o
                0x08006ff0                USBH_FindInterface
 .text.USBH_Start
                0x0800702a       0x14 STM32_USB_Host_Library\Core\Src\usbh_core.o
                0x0800702a                USBH_Start
 .text.USBH_Process
                0x0800703e      0x234 STM32_USB_Host_Library\Core\Src\usbh_core.o
                0x0800703e                USBH_Process
 .text.USBH_LL_SetTimer
                0x08007272        0x6 STM32_USB_Host_Library\Core\Src\usbh_core.o
                0x08007272                USBH_LL_SetTimer
 .text.USBH_LL_IncTimer
                0x08007278       0x1c STM32_USB_Host_Library\Core\Src\usbh_core.o
                0x08007278                USBH_LL_IncTimer
 .text.USBH_LL_Connect
                0x08007294       0x26 STM32_USB_Host_Library\Core\Src\usbh_core.o
                0x08007294                USBH_LL_Connect
 .text.USBH_LL_Disconnect
                0x080072ba       0x38 STM32_USB_Host_Library\Core\Src\usbh_core.o
                0x080072ba                USBH_LL_Disconnect
 .text.USBH_CtlReq
                0x080072f2      0x17a STM32_USB_Host_Library\Core\Src\usbh_ctlreq.o
                0x080072f2                USBH_CtlReq
 .text.USBH_GetDescriptor
                0x0800746c       0x38 STM32_USB_Host_Library\Core\Src\usbh_ctlreq.o
                0x0800746c                USBH_GetDescriptor
 .text.USBH_Get_DevDesc
                0x080074a4       0xaa STM32_USB_Host_Library\Core\Src\usbh_ctlreq.o
                0x080074a4                USBH_Get_DevDesc
 .text.USBH_Get_CfgDesc
                0x0800754e      0x12e STM32_USB_Host_Library\Core\Src\usbh_ctlreq.o
                0x0800754e                USBH_Get_CfgDesc
 .text.USBH_Get_StringDesc
                0x0800767c       0x4a STM32_USB_Host_Library\Core\Src\usbh_ctlreq.o
                0x0800767c                USBH_Get_StringDesc
 .text.USBH_SetAddress
                0x080076c6       0x1c STM32_USB_Host_Library\Core\Src\usbh_ctlreq.o
                0x080076c6                USBH_SetAddress
 .text.USBH_SetCfg
                0x080076e2       0x1c STM32_USB_Host_Library\Core\Src\usbh_ctlreq.o
                0x080076e2                USBH_SetCfg
 .text.USBH_ClrFeature
                0x080076fe       0x1c STM32_USB_Host_Library\Core\Src\usbh_ctlreq.o
                0x080076fe                USBH_ClrFeature
 .text.USBH_CtlSendSetup
                0x0800771a       0x22 STM32_USB_Host_Library\Core\Src\usbh_ioreq.o
                0x0800771a                USBH_CtlSendSetup
 .text.USBH_CtlSendData
                0x0800773c       0x2e STM32_USB_Host_Library\Core\Src\usbh_ioreq.o
                0x0800773c                USBH_CtlSendData
 .text.USBH_CtlReceiveData
                0x0800776a       0x20 STM32_USB_Host_Library\Core\Src\usbh_ioreq.o
                0x0800776a                USBH_CtlReceiveData
 .text.USBH_BulkSendData
                0x0800778a       0x2e STM32_USB_Host_Library\Core\Src\usbh_ioreq.o
                0x0800778a                USBH_BulkSendData
 .text.USBH_BulkReceiveData
                0x080077b8       0x20 STM32_USB_Host_Library\Core\Src\usbh_ioreq.o
                0x080077b8                USBH_BulkReceiveData
 .text.USBH_OpenPipe
                0x080077d8       0x1e STM32_USB_Host_Library\Core\Src\usbh_pipes.o
                0x080077d8                USBH_OpenPipe
 .text.USBH_ClosePipe
                0x080077f6        0xa STM32_USB_Host_Library\Core\Src\usbh_pipes.o
                0x080077f6                USBH_ClosePipe
 .text.USBH_AllocPipe
                0x08007800       0x30 STM32_USB_Host_Library\Core\Src\usbh_pipes.o
                0x08007800                USBH_AllocPipe
 .text.USBH_FreePipe
                0x08007830       0x18 STM32_USB_Host_Library\Core\Src\usbh_pipes.o
                0x08007830                USBH_FreePipe
 .text.USBH_UserProcess
                0x08007848       0x30 Src\main.o
 .text.Error_Handler
                0x08007878        0xa Src\main.o
                0x08007878                Error_Handler
 *fill*         0x08007882        0x2 
 .text.startup.main
                0x08007884      0x214 Src\main.o
                0x08007884                main
 .text.HAL_TIM_OC_DelayElapsedCallback
                0x08007a98       0x94 Src\main.o
                0x08007a98                HAL_TIM_OC_DelayElapsedCallback
 .text.HAL_GPIO_EXTI_Callback
                0x08007b2c       0x6c Src\main.o
                0x08007b2c                HAL_GPIO_EXTI_Callback
 .text.I2Cx_Init
                0x08007b98       0xc4 Src\stm32f411e_discovery.o
 .text.I2Cx_ReadData
                0x08007c5c       0x40 Src\stm32f411e_discovery.o
 .text.I2Cx_WriteData
                0x08007c9c       0x38 Src\stm32f411e_discovery.o
 .text.BSP_LED_Init
                0x08007cd4       0xb4 Src\stm32f411e_discovery.o
                0x08007cd4                BSP_LED_Init
 .text.BSP_LED_On
                0x08007d88       0x1c Src\stm32f411e_discovery.o
                0x08007d88                BSP_LED_On
 .text.BSP_LED_Off
                0x08007da4       0x1c Src\stm32f411e_discovery.o
                0x08007da4                BSP_LED_Off
 .text.BSP_LED_Toggle
                0x08007dc0       0x18 Src\stm32f411e_discovery.o
                0x08007dc0                BSP_LED_Toggle
 .text.BSP_PB_Init
                0x08007dd8       0x74 Src\stm32f411e_discovery.o
                0x08007dd8                BSP_PB_Init
 .text.AUDIO_IO_Init
                0x08007e4c       0x64 Src\stm32f411e_discovery.o
                0x08007e4c                AUDIO_IO_Init
 .text.AUDIO_IO_DeInit
                0x08007eb0        0x2 Src\stm32f411e_discovery.o
                0x08007eb0                AUDIO_IO_DeInit
 .text.AUDIO_IO_Write
                0x08007eb2        0x4 Src\stm32f411e_discovery.o
                0x08007eb2                AUDIO_IO_Write
 .text.AUDIO_IO_Read
                0x08007eb6        0x4 Src\stm32f411e_discovery.o
                0x08007eb6                AUDIO_IO_Read
 *fill*         0x08007eba        0x2 
 .text.COMPASSACCELERO_IO_Init
                0x08007ebc       0x44 Src\stm32f411e_discovery.o
                0x08007ebc                COMPASSACCELERO_IO_Init
 .text.COMPASSACCELERO_IO_ITConfig
                0x08007f00       0x54 Src\stm32f411e_discovery.o
                0x08007f00                COMPASSACCELERO_IO_ITConfig
 .text.COMPASSACCELERO_IO_Write
                0x08007f54        0x4 Src\stm32f411e_discovery.o
                0x08007f54                COMPASSACCELERO_IO_Write
 .text.COMPASSACCELERO_IO_Read
                0x08007f58        0x4 Src\stm32f411e_discovery.o
                0x08007f58                COMPASSACCELERO_IO_Read
 .text.BSP_ACCELERO_Init
                0x08007f5c       0x30 Src\stm32f411e_discovery_accelerometer.o
                0x08007f5c                BSP_ACCELERO_Init
 .text.BSP_ACCELERO_Click_ITConfig
                0x08007f8c       0x10 Src\stm32f411e_discovery_accelerometer.o
                0x08007f8c                BSP_ACCELERO_Click_ITConfig
 .text.I2S3_Init
                0x08007f9c       0x40 Src\stm32f411e_discovery_audio.o
 .text.BSP_AUDIO_OUT_Play
                0x08007fdc       0x3c Src\stm32f411e_discovery_audio.o
                0x08007fdc                BSP_AUDIO_OUT_Play
 .text.BSP_AUDIO_OUT_ChangeBuffer
                0x08008018       0x10 Src\stm32f411e_discovery_audio.o
                0x08008018                BSP_AUDIO_OUT_ChangeBuffer
 .text.BSP_AUDIO_OUT_Pause
                0x08008028       0x28 Src\stm32f411e_discovery_audio.o
                0x08008028                BSP_AUDIO_OUT_Pause
 .text.BSP_AUDIO_OUT_Resume
                0x08008050       0x28 Src\stm32f411e_discovery_audio.o
                0x08008050                BSP_AUDIO_OUT_Resume
 .text.BSP_AUDIO_OUT_Stop
                0x08008078       0x44 Src\stm32f411e_discovery_audio.o
                0x08008078                BSP_AUDIO_OUT_Stop
 .text.BSP_AUDIO_OUT_ClockConfig
                0x080080bc       0x60 Src\stm32f411e_discovery_audio.o
                0x080080bc                BSP_AUDIO_OUT_ClockConfig
 .text.BSP_AUDIO_OUT_MspInit
                0x0800811c      0x118 Src\stm32f411e_discovery_audio.o
                0x0800811c                BSP_AUDIO_OUT_MspInit
 .text.BSP_AUDIO_OUT_Init
                0x08008234       0x70 Src\stm32f411e_discovery_audio.o
                0x08008234                BSP_AUDIO_OUT_Init
 .text.HAL_I2S_TxCpltCallback
                0x080082a4       0x14 Src\stm32f411e_discovery_audio.o
                0x080082a4                HAL_I2S_TxCpltCallback
 .text.HAL_I2S_TxHalfCpltCallback
                0x080082b8       0x14 Src\stm32f411e_discovery_audio.o
                0x080082b8                HAL_I2S_TxHalfCpltCallback
 .text.BSP_AUDIO_IN_Record
                0x080082cc       0x14 Src\stm32f411e_discovery_audio.o
                0x080082cc                BSP_AUDIO_IN_Record
 .text.BSP_AUDIO_IN_Stop
                0x080082e0       0x10 Src\stm32f411e_discovery_audio.o
                0x080082e0                BSP_AUDIO_IN_Stop
 .text.BSP_AUDIO_IN_PDMToPCM
                0x080082f0       0x48 Src\stm32f411e_discovery_audio.o
                0x080082f0                BSP_AUDIO_IN_PDMToPCM
 .text.BSP_AUDIO_IN_ClockConfig
                0x08008338       0x38 Src\stm32f411e_discovery_audio.o
                0x08008338                BSP_AUDIO_IN_ClockConfig
 .text.BSP_AUDIO_IN_MspInit
                0x08008370      0x100 Src\stm32f411e_discovery_audio.o
                0x08008370                BSP_AUDIO_IN_MspInit
 .text.BSP_AUDIO_IN_Init
                0x08008470       0xa8 Src\stm32f411e_discovery_audio.o
                0x08008470                BSP_AUDIO_IN_Init
 .text.HAL_I2S_RxCpltCallback
                0x08008518        0x8 Src\stm32f411e_discovery_audio.o
                0x08008518                HAL_I2S_RxCpltCallback
 .text.HAL_I2S_RxHalfCpltCallback
                0x08008520        0x8 Src\stm32f411e_discovery_audio.o
                0x08008520                HAL_I2S_RxHalfCpltCallback
 .text.BSP_AUDIO_IN_Error_Callback
                0x08008528        0x2 Src\stm32f411e_discovery_audio.o
                0x08008528                BSP_AUDIO_IN_Error_Callback
 *fill*         0x0800852a        0x2 
 .text.HAL_I2S_ErrorCallback
                0x0800852c       0x28 Src\stm32f411e_discovery_audio.o
                0x0800852c                HAL_I2S_ErrorCallback
 .text.HAL_MspInit
                0x08008554       0x60 Src\stm32f4xx_hal_msp.o
                0x08008554                HAL_MspInit
 .text.NMI_Handler
                0x080085b4        0x2 Src\stm32f4xx_it.o
                0x080085b4                NMI_Handler
 .text.HardFault_Handler
                0x080085b6        0x2 Src\stm32f4xx_it.o
                0x080085b6                HardFault_Handler
 .text.MemManage_Handler
                0x080085b8        0x2 Src\stm32f4xx_it.o
                0x080085b8                MemManage_Handler
 .text.BusFault_Handler
                0x080085ba        0x2 Src\stm32f4xx_it.o
                0x080085ba                BusFault_Handler
 .text.UsageFault_Handler
                0x080085bc        0x2 Src\stm32f4xx_it.o
                0x080085bc                UsageFault_Handler
 .text.SVC_Handler
                0x080085be        0x2 Src\stm32f4xx_it.o
                0x080085be                SVC_Handler
 .text.DebugMon_Handler
                0x080085c0        0x2 Src\stm32f4xx_it.o
                0x080085c0                DebugMon_Handler
 .text.PendSV_Handler
                0x080085c2        0x2 Src\stm32f4xx_it.o
                0x080085c2                PendSV_Handler
 .text.SysTick_Handler
                0x080085c4       0x20 Src\stm32f4xx_it.o
                0x080085c4                SysTick_Handler
 .text.EXTI0_IRQHandler
                0x080085e4        0x6 Src\stm32f4xx_it.o
                0x080085e4                EXTI0_IRQHandler
 .text.EXTI4_IRQHandler
                0x080085ea        0x6 Src\stm32f4xx_it.o
                0x080085ea                EXTI4_IRQHandler
 .text.DMA1_Stream7_IRQHandler
                0x080085f0        0xc Src\stm32f4xx_it.o
                0x080085f0                DMA1_Stream7_IRQHandler
 .text.DMA1_Stream3_IRQHandler
                0x080085fc        0xc Src\stm32f4xx_it.o
                0x080085fc                DMA1_Stream3_IRQHandler
 .text.TIM4_IRQHandler
                0x08008608        0xc Src\stm32f4xx_it.o
                0x08008608                TIM4_IRQHandler
 .text.OTG_FS_IRQHandler
                0x08008614        0xc Src\stm32f4xx_it.o
                0x08008614                OTG_FS_IRQHandler
 .text.SystemInit
                0x08008620       0x4c Src\system_stm32f4xx.o
                0x08008620                SystemInit
 .text.HAL_HCD_MspInit
                0x0800866c       0xcc Src\usbh_conf.o
                0x0800866c                HAL_HCD_MspInit
 .text.HAL_HCD_SOF_Callback
                0x08008738        0x8 Src\usbh_conf.o
                0x08008738                HAL_HCD_SOF_Callback
 .text.HAL_HCD_Connect_Callback
                0x08008740        0x8 Src\usbh_conf.o
                0x08008740                HAL_HCD_Connect_Callback
 .text.HAL_HCD_Disconnect_Callback
                0x08008748        0x8 Src\usbh_conf.o
                0x08008748                HAL_HCD_Disconnect_Callback
 .text.HAL_HCD_HC_NotifyURBChange_Callback
                0x08008750        0x2 Src\usbh_conf.o
                0x08008750                HAL_HCD_HC_NotifyURBChange_Callback
 *fill*         0x08008752        0x2 
 .text.USBH_LL_Init
                0x08008754       0x50 Src\usbh_conf.o
                0x08008754                USBH_LL_Init
 .text.USBH_LL_Start
                0x080087a4        0xe Src\usbh_conf.o
                0x080087a4                USBH_LL_Start
 .text.USBH_LL_Stop
                0x080087b2        0xe Src\usbh_conf.o
                0x080087b2                USBH_LL_Stop
 .text.USBH_LL_GetSpeed
                0x080087c0       0x1c Src\usbh_conf.o
                0x080087c0                USBH_LL_GetSpeed
 .text.USBH_LL_ResetPort
                0x080087dc        0xe Src\usbh_conf.o
                0x080087dc                USBH_LL_ResetPort
 .text.USBH_LL_GetLastXferSize
                0x080087ea        0x8 Src\usbh_conf.o
                0x080087ea                USBH_LL_GetLastXferSize
 .text.USBH_LL_OpenPipe
                0x080087f2       0x22 Src\usbh_conf.o
                0x080087f2                USBH_LL_OpenPipe
 .text.USBH_LL_ClosePipe
                0x08008814        0xe Src\usbh_conf.o
                0x08008814                USBH_LL_ClosePipe
 .text.USBH_LL_SubmitURB
                0x08008822       0x26 Src\usbh_conf.o
                0x08008822                USBH_LL_SubmitURB
 .text.USBH_LL_GetURBState
                0x08008848        0x8 Src\usbh_conf.o
                0x08008848                USBH_LL_GetURBState
 .text.USBH_LL_DriverVBUS
                0x08008850       0x20 Src\usbh_conf.o
                0x08008850                USBH_LL_DriverVBUS
 .text.USBH_LL_SetToggle
                0x08008870       0x20 Src\usbh_conf.o
                0x08008870                USBH_LL_SetToggle
 .text.USBH_LL_GetToggle
                0x08008890       0x20 Src\usbh_conf.o
                0x08008890                USBH_LL_GetToggle
 .text.USBH_Delay
                0x080088b0        0x4 Src\usbh_conf.o
                0x080088b0                USBH_Delay
 .text.WavePlayerPauseResume
                0x080088b4        0xa Src\waveplayer.o
                0x080088b4                WavePlayerPauseResume
 .text.WavePlayerStop
                0x080088be        0x6 Src\waveplayer.o
                0x080088be                WavePlayerStop
 .text.WavePlayerInit
                0x080088c4       0x14 Src\waveplayer.o
                0x080088c4                WavePlayerInit
 .text.WavePlayBack
                0x080088d8      0x288 Src\waveplayer.o
                0x080088d8                WavePlayBack
 .text.BSP_AUDIO_OUT_HalfTransfer_CallBack
                0x08008b60        0xc Src\waveplayer.o
                0x08008b60                BSP_AUDIO_OUT_HalfTransfer_CallBack
 .text.BSP_AUDIO_OUT_TransferComplete_CallBack
                0x08008b6c       0x18 Src\waveplayer.o
                0x08008b6c                BSP_AUDIO_OUT_TransferComplete_CallBack
 .text.BSP_AUDIO_OUT_Error_CallBack
                0x08008b84        0x2 Src\waveplayer.o
                0x08008b84                BSP_AUDIO_OUT_Error_CallBack
 *fill*         0x08008b86        0x2 
 .text.WavePlayerStart
                0x08008b88       0xec Src\waveplayer.o
                0x08008b88                WavePlayerStart
 .text.WavePlayer_CallBack
                0x08008c74       0x68 Src\waveplayer.o
                0x08008c74                WavePlayer_CallBack
 .text.WaveRecorderStop
                0x08008cdc        0x8 Src\waverecorder.o
                0x08008cdc                WaveRecorderStop
 .text.WaveRecorderProcess
                0x08008ce4      0x284 Src\waverecorder.o
                0x08008ce4                WaveRecorderProcess
 .text.BSP_AUDIO_IN_TransferComplete_CallBack
                0x08008f68       0x7c Src\waverecorder.o
                0x08008f68                BSP_AUDIO_IN_TransferComplete_CallBack
 .text.BSP_AUDIO_IN_HalfTransfer_CallBack
                0x08008fe4       0x7c Src\waverecorder.o
                0x08008fe4                BSP_AUDIO_IN_HalfTransfer_CallBack
 .text.Reset_Handler
                0x08009060       0x50 startup\startup_stm32f411xe.o
                0x08009060                Reset_Handler
 .text.Default_Handler
                0x080090b0        0x2 startup\startup_stm32f411xe.o
                0x080090b0                RTC_Alarm_IRQHandler
                0x080090b0                EXTI2_IRQHandler
                0x080090b0                SPI4_IRQHandler
                0x080090b0                TIM1_CC_IRQHandler
                0x080090b0                DMA2_Stream5_IRQHandler
                0x080090b0                DMA1_Stream5_IRQHandler
                0x080090b0                PVD_IRQHandler
                0x080090b0                SDIO_IRQHandler
                0x080090b0                TAMP_STAMP_IRQHandler
                0x080090b0                EXTI3_IRQHandler
                0x080090b0                TIM1_UP_TIM10_IRQHandler
                0x080090b0                I2C3_ER_IRQHandler
                0x080090b0                I2C2_EV_IRQHandler
                0x080090b0                DMA1_Stream2_IRQHandler
                0x080090b0                FPU_IRQHandler
                0x080090b0                DMA2_Stream2_IRQHandler
                0x080090b0                SPI1_IRQHandler
                0x080090b0                TIM1_BRK_TIM9_IRQHandler
                0x080090b0                DMA2_Stream3_IRQHandler
                0x080090b0                USART6_IRQHandler
                0x080090b0                DMA2_Stream0_IRQHandler
                0x080090b0                I2C1_EV_IRQHandler
                0x080090b0                DMA1_Stream6_IRQHandler
                0x080090b0                DMA1_Stream1_IRQHandler
                0x080090b0                TIM3_IRQHandler
                0x080090b0                RCC_IRQHandler
                0x080090b0                Default_Handler
                0x080090b0                EXTI15_10_IRQHandler
                0x080090b0                ADC_IRQHandler
                0x080090b0                SPI5_IRQHandler
                0x080090b0                TIM5_IRQHandler
                0x080090b0                DMA2_Stream7_IRQHandler
                0x080090b0                I2C3_EV_IRQHandler
                0x080090b0                EXTI9_5_IRQHandler
                0x080090b0                RTC_WKUP_IRQHandler
                0x080090b0                SPI2_IRQHandler
                0x080090b0                DMA1_Stream0_IRQHandler
                0x080090b0                WWDG_IRQHandler
                0x080090b0                TIM2_IRQHandler
                0x080090b0                OTG_FS_WKUP_IRQHandler
                0x080090b0                TIM1_TRG_COM_TIM11_IRQHandler
                0x080090b0                EXTI1_IRQHandler
                0x080090b0                USART2_IRQHandler
                0x080090b0                I2C2_ER_IRQHandler
                0x080090b0                DMA2_Stream1_IRQHandler
                0x080090b0                FLASH_IRQHandler
                0x080090b0                DMA2_Stream4_IRQHandler
                0x080090b0                USART1_IRQHandler
                0x080090b0                SPI3_IRQHandler
                0x080090b0                DMA1_Stream4_IRQHandler
                0x080090b0                I2C1_ER_IRQHandler
                0x080090b0                DMA2_Stream6_IRQHandler
 *fill*         0x080090b2        0x6 
 .text.PDM_Filter_Init
                0x080090b8      0x208 C:\Users\Pieter Goos\Google Drive\Stellenbosch University\5th Year\Examples\AudioTest\Middlewares\libPDMFilter_CM4F_GCC.a(pdm_filter.o)
                0x080090b8                PDM_Filter_Init
 .text.PDM_Filter_64_LSB
                0x080092c0      0x350 C:\Users\Pieter Goos\Google Drive\Stellenbosch University\5th Year\Examples\AudioTest\Middlewares\libPDMFilter_CM4F_GCC.a(pdm_filter.o)
                0x080092c0                PDM_Filter_64_LSB
 .text.__libc_init_array
                0x08009610       0x48 c:/program files (x86)/atollic/truestudio for stm32 9.2.0/armtools/bin/../lib/gcc/arm-atollic-eabi/6.3.1/../../../../arm-atollic-eabi/lib/armv7e-m/fpu\libc_nano.a(lib_a-init.o)
                0x08009610                __libc_init_array
 .text.malloc   0x08009658       0x10 c:/program files (x86)/atollic/truestudio for stm32 9.2.0/armtools/bin/../lib/gcc/arm-atollic-eabi/6.3.1/../../../../arm-atollic-eabi/lib/armv7e-m/fpu\libc_nano.a(lib_a-malloc.o)
                0x08009658                malloc
 .text.free     0x08009668       0x10 c:/program files (x86)/atollic/truestudio for stm32 9.2.0/armtools/bin/../lib/gcc/arm-atollic-eabi/6.3.1/../../../../arm-atollic-eabi/lib/armv7e-m/fpu\libc_nano.a(lib_a-malloc.o)
                0x08009668                free
 .text.memcpy   0x08009678       0x16 c:/program files (x86)/atollic/truestudio for stm32 9.2.0/armtools/bin/../lib/gcc/arm-atollic-eabi/6.3.1/../../../../arm-atollic-eabi/lib/armv7e-m/fpu\libc_nano.a(lib_a-memcpy-stub.o)
                0x08009678                memcpy
 .text.memset   0x0800968e       0x10 c:/program files (x86)/atollic/truestudio for stm32 9.2.0/armtools/bin/../lib/gcc/arm-atollic-eabi/6.3.1/../../../../arm-atollic-eabi/lib/armv7e-m/fpu\libc_nano.a(lib_a-memset.o)
                0x0800968e                memset
 *fill*         0x0800969e        0x2 
 .text._free_r  0x080096a0       0x9c c:/program files (x86)/atollic/truestudio for stm32 9.2.0/armtools/bin/../lib/gcc/arm-atollic-eabi/6.3.1/../../../../arm-atollic-eabi/lib/armv7e-m/fpu\libc_nano.a(lib_a-nano-freer.o)
                0x080096a0                _free_r
 .text._malloc_r
                0x0800973c       0xbc c:/program files (x86)/atollic/truestudio for stm32 9.2.0/armtools/bin/../lib/gcc/arm-atollic-eabi/6.3.1/../../../../arm-atollic-eabi/lib/armv7e-m/fpu\libc_nano.a(lib_a-nano-mallocr.o)
                0x0800973c                _malloc_r
 .text._sbrk_r  0x080097f8       0x20 c:/program files (x86)/atollic/truestudio for stm32 9.2.0/armtools/bin/../lib/gcc/arm-atollic-eabi/6.3.1/../../../../arm-atollic-eabi/lib/armv7e-m/fpu\libc_nano.a(lib_a-sbrkr.o)
                0x080097f8                _sbrk_r
 .text.__malloc_lock
                0x08009818        0x2 c:/program files (x86)/atollic/truestudio for stm32 9.2.0/armtools/bin/../lib/gcc/arm-atollic-eabi/6.3.1/../../../../arm-atollic-eabi/lib/armv7e-m/fpu\libc_nano.a(lib_a-mlock.o)
                0x08009818                __malloc_lock
 .text.__malloc_unlock
                0x0800981a        0x2 c:/program files (x86)/atollic/truestudio for stm32 9.2.0/armtools/bin/../lib/gcc/arm-atollic-eabi/6.3.1/../../../../arm-atollic-eabi/lib/armv7e-m/fpu\libc_nano.a(lib_a-mlock.o)
                0x0800981a                __malloc_unlock
 *fill*         0x0800981c        0x4 
 .text.cos      0x08009820       0x88 c:/program files (x86)/atollic/truestudio for stm32 9.2.0/armtools/bin/../lib/gcc/arm-atollic-eabi/6.3.1/../../../../arm-atollic-eabi/lib/armv7e-m/fpu\libm.a(lib_a-s_cos.o)
                0x08009820                cos
 .text.sqrt     0x080098a8       0xb4 c:/program files (x86)/atollic/truestudio for stm32 9.2.0/armtools/bin/../lib/gcc/arm-atollic-eabi/6.3.1/../../../../arm-atollic-eabi/lib/armv7e-m/fpu\libm.a(lib_a-w_sqrt.o)
                0x080098a8                sqrt
 *fill*         0x0800995c        0x4 
 .text.__ieee754_rem_pio2
                0x08009960      0x3e4 c:/program files (x86)/atollic/truestudio for stm32 9.2.0/armtools/bin/../lib/gcc/arm-atollic-eabi/6.3.1/../../../../arm-atollic-eabi/lib/armv7e-m/fpu\libm.a(lib_a-e_rem_pio2.o)
                0x08009960                __ieee754_rem_pio2
 .text.__ieee754_sqrt
                0x08009d44      0x160 c:/program files (x86)/atollic/truestudio for stm32 9.2.0/armtools/bin/../lib/gcc/arm-atollic-eabi/6.3.1/../../../../arm-atollic-eabi/lib/armv7e-m/fpu\libm.a(lib_a-e_sqrt.o)
                0x08009d44                __ieee754_sqrt
 *fill*         0x08009ea4        0x4 
 .text.__kernel_cos
                0x08009ea8      0x1cc c:/program files (x86)/atollic/truestudio for stm32 9.2.0/armtools/bin/../lib/gcc/arm-atollic-eabi/6.3.1/../../../../arm-atollic-eabi/lib/armv7e-m/fpu\libm.a(lib_a-k_cos.o)
                0x08009ea8                __kernel_cos
 *fill*         0x0800a074        0x4 
 .text.__kernel_rem_pio2
                0x0800a078      0x69c c:/program files (x86)/atollic/truestudio for stm32 9.2.0/armtools/bin/../lib/gcc/arm-atollic-eabi/6.3.1/../../../../arm-atollic-eabi/lib/armv7e-m/fpu\libm.a(lib_a-k_rem_pio2.o)
                0x0800a078                __kernel_rem_pio2
 *fill*         0x0800a714        0x4 
 .text.__kernel_sin
                0x0800a718      0x174 c:/program files (x86)/atollic/truestudio for stm32 9.2.0/armtools/bin/../lib/gcc/arm-atollic-eabi/6.3.1/../../../../arm-atollic-eabi/lib/armv7e-m/fpu\libm.a(lib_a-k_sin.o)
                0x0800a718                __kernel_sin
 .text.fabs     0x0800a88c        0xe c:/program files (x86)/atollic/truestudio for stm32 9.2.0/armtools/bin/../lib/gcc/arm-atollic-eabi/6.3.1/../../../../arm-atollic-eabi/lib/armv7e-m/fpu\libm.a(lib_a-s_fabs.o)
                0x0800a88c                fabs
 *fill*         0x0800a89a        0x6 
 .text.floor    0x0800a8a0      0x108 c:/program files (x86)/atollic/truestudio for stm32 9.2.0/armtools/bin/../lib/gcc/arm-atollic-eabi/6.3.1/../../../../arm-atollic-eabi/lib/armv7e-m/fpu\libm.a(lib_a-s_floor.o)
                0x0800a8a0                floor
 .text.matherr  0x0800a9a8        0x4 c:/program files (x86)/atollic/truestudio for stm32 9.2.0/armtools/bin/../lib/gcc/arm-atollic-eabi/6.3.1/../../../../arm-atollic-eabi/lib/armv7e-m/fpu\libm.a(lib_a-s_matherr.o)
                0x0800a9a8                matherr
 *fill*         0x0800a9ac        0x4 
 .text.scalbn   0x0800a9b0       0xf4 c:/program files (x86)/atollic/truestudio for stm32 9.2.0/armtools/bin/../lib/gcc/arm-atollic-eabi/6.3.1/../../../../arm-atollic-eabi/lib/armv7e-m/fpu\libm.a(lib_a-s_scalbn.o)
                0x0800a9b0                scalbn
 .text.copysign
                0x0800aaa4       0x1a c:/program files (x86)/atollic/truestudio for stm32 9.2.0/armtools/bin/../lib/gcc/arm-atollic-eabi/6.3.1/../../../../arm-atollic-eabi/lib/armv7e-m/fpu\libm.a(lib_a-s_copysign.o)
                0x0800aaa4                copysign
 *fill*         0x0800aabe        0x2 
 .text.__errno  0x0800aac0        0xc c:/program files (x86)/atollic/truestudio for stm32 9.2.0/armtools/bin/../lib/gcc/arm-atollic-eabi/6.3.1/../../../../arm-atollic-eabi/lib/armv7e-m/fpu\libc_nano.a(lib_a-errno.o)
                0x0800aac0                __errno
 .text._sbrk    0x0800aacc       0x1c c:/program files (x86)/atollic/truestudio for stm32 9.2.0/armtools/bin/../lib/gcc/arm-atollic-eabi/6.3.1/../../../../arm-atollic-eabi/lib/armv7e-m/fpu\libnosys.a(sbrk.o)
                0x0800aacc                _sbrk
 *(.glue_7)
 .glue_7        0x0800aae8        0x0 linker stubs
 *(.glue_7t)
 .glue_7t       0x0800aae8        0x0 linker stubs
 *(.eh_frame)
 .eh_frame      0x0800aae8        0x0 c:/program files (x86)/atollic/truestudio for stm32 9.2.0/armtools/bin/../lib/gcc/arm-atollic-eabi/6.3.1/armv7e-m/fpu/crtbegin.o
 *(.init)
 .init          0x0800aae8        0x4 c:/program files (x86)/atollic/truestudio for stm32 9.2.0/armtools/bin/../lib/gcc/arm-atollic-eabi/6.3.1/armv7e-m/fpu/crti.o
                0x0800aae8                _init
 .init          0x0800aaec        0x8 c:/program files (x86)/atollic/truestudio for stm32 9.2.0/armtools/bin/../lib/gcc/arm-atollic-eabi/6.3.1/armv7e-m/fpu/crtn.o
 *(.fini)
 .fini          0x0800aaf4        0x4 c:/program files (x86)/atollic/truestudio for stm32 9.2.0/armtools/bin/../lib/gcc/arm-atollic-eabi/6.3.1/armv7e-m/fpu/crti.o
                0x0800aaf4                _fini
 .fini          0x0800aaf8        0x8 c:/program files (x86)/atollic/truestudio for stm32 9.2.0/armtools/bin/../lib/gcc/arm-atollic-eabi/6.3.1/armv7e-m/fpu/crtn.o
                0x0800ab00                . = ALIGN (0x4)
                0x0800ab00                _etext = .

.vfp11_veneer   0x0800ab00        0x0
 .vfp11_veneer  0x0800ab00        0x0 linker stubs

.v4_bx          0x0800ab00        0x0
 .v4_bx         0x0800ab00        0x0 linker stubs

.iplt           0x0800ab00        0x0
 .iplt          0x0800ab00        0x0 c:/program files (x86)/atollic/truestudio for stm32 9.2.0/armtools/bin/../lib/gcc/arm-atollic-eabi/6.3.1/armv7e-m/fpu/crtbegin.o

.rodata         0x0800ab00      0x828
                0x0800ab00                . = ALIGN (0x4)
 *(.rodata)
 *(.rodata*)
 .rodata.flagBitshiftOffset.9267
                0x0800ab00        0x8 Drivers\STM32F4xx_HAL_Driver\Src\stm32f4xx_hal_dma.o
 .rodata.USBH_Driver
                0x0800ab08       0x14 Middlewares\drivers\usbh_diskio.o
                0x0800ab08                USBH_Driver
 .rodata.ExCvt  0x0800ab1c       0x80 Middlewares\ff.o
 .rodata.LfnOfs
                0x0800ab9c        0xd Middlewares\ff.o
 .rodata.follow_path.str1.1
                0x0800aba9       0x10 Middlewares\ff.o
 *fill*         0x0800abb9        0x1 
 .rodata.Tbl    0x0800abba      0x100 Middlewares\option\unicode.o
 .rodata.tbl_lower.10542
                0x0800acba      0x1e0 Middlewares\option\unicode.o
 .rodata.tbl_upper.10543
                0x0800ae9a      0x1e0 Middlewares\option\unicode.o
 .rodata.str1.1
                0x0800b07a        0x4 STM32_USB_Host_Library\Class\MSC\Src\usbh_msc.o
 .rodata.USBH_UserProcess.str1.1
                0x0800b07e        0x4 Src\main.o
                                  0x1 (size before relaxing)
 .rodata.GPIO_PIN
                0x0800b07e        0x8 Src\stm32f411e_discovery.o
                0x0800b07e                GPIO_PIN
 *fill*         0x0800b086        0x2 
 .rodata.I2SFreq
                0x0800b088       0x20 Src\stm32f411e_discovery_audio.o
                0x0800b088                I2SFreq
 .rodata.I2SPLLN
                0x0800b0a8       0x20 Src\stm32f411e_discovery_audio.o
                0x0800b0a8                I2SPLLN
 .rodata.I2SPLLR
                0x0800b0c8       0x20 Src\stm32f411e_discovery_audio.o
                0x0800b0c8                I2SPLLR
 .rodata.AHBPrescTable
                0x0800b0e8       0x10 Src\system_stm32f4xx.o
                0x0800b0e8                AHBPrescTable
 .rodata.APBPrescTable
                0x0800b0f8        0x8 Src\system_stm32f4xx.o
                0x0800b0f8                APBPrescTable
 .rodata.CSWTCH.17
                0x0800b100        0x3 Src\usbh_conf.o
 .rodata.WavePlayerStart.str1.1
                0x0800b103       0x3c Src\waveplayer.o
 .rodata.WaveRecorderProcess.str1.1
                0x0800b13f        0xa Src\waverecorder.o
 .rodata.sqrt.str1.1
                0x0800b149        0x5 c:/program files (x86)/atollic/truestudio for stm32 9.2.0/armtools/bin/../lib/gcc/arm-atollic-eabi/6.3.1/../../../../arm-atollic-eabi/lib/armv7e-m/fpu\libm.a(lib_a-w_sqrt.o)
 *fill*         0x0800b14e        0x2 
 .rodata.npio2_hw
                0x0800b150       0x80 c:/program files (x86)/atollic/truestudio for stm32 9.2.0/armtools/bin/../lib/gcc/arm-atollic-eabi/6.3.1/../../../../arm-atollic-eabi/lib/armv7e-m/fpu\libm.a(lib_a-e_rem_pio2.o)
 .rodata.two_over_pi
                0x0800b1d0      0x108 c:/program files (x86)/atollic/truestudio for stm32 9.2.0/armtools/bin/../lib/gcc/arm-atollic-eabi/6.3.1/../../../../arm-atollic-eabi/lib/armv7e-m/fpu\libm.a(lib_a-e_rem_pio2.o)
 .rodata.PIo2   0x0800b2d8       0x40 c:/program files (x86)/atollic/truestudio for stm32 9.2.0/armtools/bin/../lib/gcc/arm-atollic-eabi/6.3.1/../../../../arm-atollic-eabi/lib/armv7e-m/fpu\libm.a(lib_a-k_rem_pio2.o)
 .rodata.init_jk
                0x0800b318       0x10 c:/program files (x86)/atollic/truestudio for stm32 9.2.0/armtools/bin/../lib/gcc/arm-atollic-eabi/6.3.1/../../../../arm-atollic-eabi/lib/armv7e-m/fpu\libm.a(lib_a-k_rem_pio2.o)
                0x0800b328                . = ALIGN (0x4)

.rel.dyn        0x0800b328        0x0
 .rel.iplt      0x0800b328        0x0 c:/program files (x86)/atollic/truestudio for stm32 9.2.0/armtools/bin/../lib/gcc/arm-atollic-eabi/6.3.1/armv7e-m/fpu/crtbegin.o

.ARM.extab
 *(.ARM.extab* .gnu.linkonce.armextab.*)

.ARM            0x0800b328        0x0
                0x0800b328                __exidx_start = .
 *(.ARM.exidx*)
                0x0800b328                __exidx_end = .

.preinit_array  0x0800b328        0x0
                0x0800b328                PROVIDE (__preinit_array_start, .)
 *(.preinit_array*)
                0x0800b328                PROVIDE (__preinit_array_end, .)

.init_array     0x0800b328        0x4
                0x0800b328                PROVIDE (__init_array_start, .)
 *(SORT(.init_array.*))
 *(.init_array*)
 .init_array    0x0800b328        0x4 c:/program files (x86)/atollic/truestudio for stm32 9.2.0/armtools/bin/../lib/gcc/arm-atollic-eabi/6.3.1/armv7e-m/fpu/crtbegin.o
                0x0800b32c                PROVIDE (__init_array_end, .)

.fini_array     0x0800b32c        0x4
                [!provide]                PROVIDE (__fini_array_start, .)
 *(SORT(.fini_array.*))
 *(.fini_array*)
 .fini_array    0x0800b32c        0x4 c:/program files (x86)/atollic/truestudio for stm32 9.2.0/armtools/bin/../lib/gcc/arm-atollic-eabi/6.3.1/armv7e-m/fpu/crtbegin.o
                [!provide]                PROVIDE (__fini_array_end, .)
                0x0800b330                _sidata = LOADADDR (.data)

.data           0x20000000      0x41c load address 0x0800b330
                0x20000000                . = ALIGN (0x4)
                0x20000000                _sdata = .
 *(.data)
 *(.data*)
 .data.Is_cs43l22_Stop
                0x20000000        0x1 Components\cs43l22\cs43l22.o
 *fill*         0x20000001        0x3 
 .data.cs43l22_drv
                0x20000004       0x30 Components\cs43l22\cs43l22.o
                0x20000004                cs43l22_drv
 .data.Lsm303dlhcDrv
                0x20000034       0x34 Components\lsm303dlhc\lsm303dlhc.o
                0x20000034                Lsm303dlhcDrv
 .data.USBH_msc
                0x20000068       0x20 STM32_USB_Host_Library\Class\MSC\Src\usbh_msc.o
                0x20000068                USBH_msc
 .data.CCR1Val  0x20000088        0x2 Src\main.o
                0x20000088                CCR1Val
 *fill*         0x2000008a        0x2 
 .data.PauseResumeStatus
                0x2000008c        0x4 Src\main.o
                0x2000008c                PauseResumeStatus
 .data.PressCount
                0x20000090        0x4 Src\main.o
                0x20000090                PressCount
 .data.BUTTON_PORT
                0x20000094        0x4 Src\stm32f411e_discovery.o
                0x20000094                BUTTON_PORT
 .data.GPIO_PORT
                0x20000098       0x10 Src\stm32f411e_discovery.o
                0x20000098                GPIO_PORT
 .data.I2cxTimeout
                0x200000a8        0x4 Src\stm32f411e_discovery.o
                0x200000a8                I2cxTimeout
 .data.AudioInVolume
                0x200000ac        0x2 Src\stm32f411e_discovery_audio.o
                0x200000ac                AudioInVolume
 *fill*         0x200000ae        0x2 
 .data.SystemCoreClock
                0x200000b0        0x4 Src\system_stm32f4xx.o
                0x200000b0                SystemCoreClock
 .data.T0       0x200000b4      0x100 C:\Users\Pieter Goos\Google Drive\Stellenbosch University\5th Year\Examples\AudioTest\Middlewares\libPDMFilter_CM4F_GCC.a(pdm_filter.o)
                0x200000b4                T0
 .data.T1       0x200001b4      0x100 C:\Users\Pieter Goos\Google Drive\Stellenbosch University\5th Year\Examples\AudioTest\Middlewares\libPDMFilter_CM4F_GCC.a(pdm_filter.o)
                0x200001b4                T1
 .data.T2       0x200002b4      0x100 C:\Users\Pieter Goos\Google Drive\Stellenbosch University\5th Year\Examples\AudioTest\Middlewares\libPDMFilter_CM4F_GCC.a(pdm_filter.o)
                0x200002b4                T2
 .data._impure_ptr
                0x200003b4        0x4 c:/program files (x86)/atollic/truestudio for stm32 9.2.0/armtools/bin/../lib/gcc/arm-atollic-eabi/6.3.1/../../../../arm-atollic-eabi/lib/armv7e-m/fpu\libc_nano.a(lib_a-impure.o)
                0x200003b4                _impure_ptr
 .data.impure_data
                0x200003b8       0x60 c:/program files (x86)/atollic/truestudio for stm32 9.2.0/armtools/bin/../lib/gcc/arm-atollic-eabi/6.3.1/../../../../arm-atollic-eabi/lib/armv7e-m/fpu\libc_nano.a(lib_a-impure.o)
 .data.__fdlib_version
                0x20000418        0x1 c:/program files (x86)/atollic/truestudio for stm32 9.2.0/armtools/bin/../lib/gcc/arm-atollic-eabi/6.3.1/../../../../arm-atollic-eabi/lib/armv7e-m/fpu\libm.a(lib_a-s_lib_ver.o)
                0x20000418                __fdlib_version
                0x2000041c                . = ALIGN (0x4)
 *fill*         0x20000419        0x3 
                0x2000041c                _edata = .

.igot.plt       0x2000041c        0x0 load address 0x0800b74c
 .igot.plt      0x2000041c        0x0 c:/program files (x86)/atollic/truestudio for stm32 9.2.0/armtools/bin/../lib/gcc/arm-atollic-eabi/6.3.1/armv7e-m/fpu/crtbegin.o
                0x2000041c                . = ALIGN (0x4)

.bss            0x2000041c     0xa058 load address 0x0800b74c
                0x2000041c                _sbss = .
                0x2000041c                __bss_start__ = _sbss
 *(.bss)
 .bss           0x2000041c       0x1c c:/program files (x86)/atollic/truestudio for stm32 9.2.0/armtools/bin/../lib/gcc/arm-atollic-eabi/6.3.1/armv7e-m/fpu/crtbegin.o
 *(.bss*)
 .bss.OutputDev
                0x20000438        0x1 Components\cs43l22\cs43l22.o
                0x20000438                OutputDev
 *fill*         0x20000439        0x3 
 .bss.scratch   0x2000043c      0x200 Middlewares\drivers\usbh_diskio.o
 .bss.FatFs     0x2000063c        0x4 Middlewares\ff.o
 .bss.Files     0x20000640       0x48 Middlewares\ff.o
 .bss.Fsid      0x20000688        0x2 Middlewares\ff.o
 *fill*         0x2000068a        0x2 
 .bss.disk      0x2000068c        0xc Middlewares\ff_gen_drv.o
                0x2000068c                disk
 .bss.AppliState
                0x20000698        0x1 Src\main.o
                0x20000698                AppliState
 *fill*         0x20000699        0x3 
 .bss.CmdIndex  0x2000069c        0x4 Src\main.o
                0x2000069c                CmdIndex
 .bss.PbPressCheck
                0x200006a0        0x4 Src\main.o
                0x200006a0                PbPressCheck
 .bss.RepeatState
                0x200006a4        0x4 Src\main.o
                0x200006a4                RepeatState
 .bss.USBH_USR_ApplicationState
                0x200006a8        0x1 Src\main.o
 *fill*         0x200006a9        0x3 
 .bss.I2cHandle
                0x200006ac       0x54 Src\stm32f411e_discovery.o
 .bss.AccelerometerDrv
                0x20000700        0x4 Src\stm32f411e_discovery_accelerometer.o
 .bss.hdma_i2sRx.9522
                0x20000704       0x60 Src\stm32f411e_discovery_audio.o
 .bss.hdma_i2sTx.9444
                0x20000764       0x60 Src\stm32f411e_discovery_audio.o
 .bss.pAudioDrv
                0x200007c4        0x4 Src\stm32f411e_discovery_audio.o
 .bss.TimeRecBase
                0x200007c8        0x4 Src\stm32f4xx_it.o
                0x200007c8                TimeRecBase
 .bss.AudioPlayStart
                0x200007cc        0x4 Src\waveplayer.o
                0x200007cc                AudioPlayStart
 .bss.AudioRemSize
                0x200007d0        0x4 Src\waveplayer.o
 .bss.BufferOffset
                0x200007d4        0x1 Src\waveplayer.o
                0x200007d4                BufferOffset
 *fill*         0x200007d5        0x3 
 .bss.WaveDataLength
                0x200007d8        0x4 Src\waveplayer.o
 .bss.AUDIOBuffOffset
                0x200007dc        0x4 Src\waverecorder.o
                0x200007dc                AUDIOBuffOffset
 .bss.AUDIODataReady
                0x200007e0        0x4 Src\waverecorder.o
                0x200007e0                AUDIODataReady
 .bss.ITCounter
                0x200007e4        0x4 Src\waverecorder.o
                0x200007e4                ITCounter
 .bss.InternalBuffer
                0x200007e8      0x100 Src\waverecorder.o
 .bss.RecBuf    0x200008e8       0x40 Src\waverecorder.o
 .bss.WaveCounter
                0x20000928        0x4 Src\waverecorder.o
                0x20000928                WaveCounter
 .bss.WaveRecStatus
                0x2000092c        0x4 Src\waverecorder.o
                0x2000092c                WaveRecStatus
 .bss.stm32_crc
                0x20000930        0x4 C:\Users\Pieter Goos\Google Drive\Stellenbosch University\5th Year\Examples\AudioTest\Middlewares\libPDMFilter_CM4F_GCC.a(pdm_filter.o)
                0x20000930                stm32_crc
 .bss.__malloc_free_list
                0x20000934        0x4 c:/program files (x86)/atollic/truestudio for stm32 9.2.0/armtools/bin/../lib/gcc/arm-atollic-eabi/6.3.1/../../../../arm-atollic-eabi/lib/armv7e-m/fpu\libc_nano.a(lib_a-nano-mallocr.o)
                0x20000934                __malloc_free_list
 .bss.__malloc_sbrk_start
                0x20000938        0x4 c:/program files (x86)/atollic/truestudio for stm32 9.2.0/armtools/bin/../lib/gcc/arm-atollic-eabi/6.3.1/../../../../arm-atollic-eabi/lib/armv7e-m/fpu\libc_nano.a(lib_a-nano-mallocr.o)
                0x20000938                __malloc_sbrk_start
 .bss.heap_end.5239
                0x2000093c        0x4 c:/program files (x86)/atollic/truestudio for stm32 9.2.0/armtools/bin/../lib/gcc/arm-atollic-eabi/6.3.1/../../../../arm-atollic-eabi/lib/armv7e-m/fpu\libnosys.a(sbrk.o)
 *(COMMON)
 COMMON         0x20000940        0x4 Drivers\STM32F4xx_HAL_Driver\Src\stm32f4xx_hal.o
                0x20000940                uwTick
 COMMON         0x20000944      0x624 Src\main.o
                0x20000944                hUSBHost
                0x20000cdc                sConfigLed
                0x20000cf8                USBDISKPath
                0x20000cfc                hTimLed
                0x20000d38                USBDISKFatFs
 COMMON         0x20000f68       0xc4 Src\stm32f411e_discovery_audio.o
                0x20000f68                Filter
                0x20000f9c                hAudioOutI2s
                0x20000fe4                hAudioInI2s
 COMMON         0x2000102c      0x298 Src\usbh_conf.o
                0x2000102c                hHCD
 COMMON         0x200012c4     0x6f20 Src\waveplayer.o
                0x200012c4                audioPart
                0x200062c4                tempInt
                0x200062c8                Files
                0x20006d90                Audio_Buffer
                0x20007d90                Directory
                0x20007fb8                LEDsState
                0x20007fbc                FileRead
 COMMON         0x200081e4     0x228c Src\waverecorder.o
                0x200081e4                WaveFormat
                0x20008210                pHeaderBuff
                0x2000823c                BufferCtl
                0x20008244                WrBuffer
                0x2000a244                res
                0x2000a248                WavFile
 COMMON         0x2000a470        0x4 c:/program files (x86)/atollic/truestudio for stm32 9.2.0/armtools/bin/../lib/gcc/arm-atollic-eabi/6.3.1/../../../../arm-atollic-eabi/lib/armv7e-m/fpu\libc_nano.a(lib_a-reent.o)
                0x2000a470                errno
                0x2000a474                . = ALIGN (0x4)
                0x2000a474                _ebss = .
                0x2000a474                __bss_end__ = _ebss

._user_heap_stack
                0x2000a474      0x600 load address 0x0800b74c
                0x2000a474                . = ALIGN (0x4)
                0x2000a474                PROVIDE (end, .)
                [!provide]                PROVIDE (_end, .)
                0x2000a674                . = (. + _Min_Heap_Size)
 *fill*         0x2000a474      0x200 
                0x2000aa74                . = (. + _Min_Stack_Size)
 *fill*         0x2000a674      0x400 
                0x2000aa74                . = ALIGN (0x4)

/DISCARD/
 libc.a(*)
 libm.a(*)
 libgcc.a(*)

.ARM.attributes
                0x00000000       0x2e
 *(.ARM.attributes)
 .ARM.attributes
                0x00000000       0x22 c:/program files (x86)/atollic/truestudio for stm32 9.2.0/armtools/bin/../lib/gcc/arm-atollic-eabi/6.3.1/armv7e-m/fpu/crti.o
 .ARM.attributes
                0x00000022       0x34 c:/program files (x86)/atollic/truestudio for stm32 9.2.0/armtools/bin/../lib/gcc/arm-atollic-eabi/6.3.1/armv7e-m/fpu/crtbegin.o
 .ARM.attributes
                0x00000056       0x39 Components\cs43l22\cs43l22.o
 .ARM.attributes
                0x0000008f       0x39 Components\lsm303dlhc\lsm303dlhc.o
 .ARM.attributes
                0x000000c8       0x39 Drivers\STM32F4xx_HAL_Driver\Src\stm32f4xx_hal.o
 .ARM.attributes
                0x00000101       0x39 Drivers\STM32F4xx_HAL_Driver\Src\stm32f4xx_hal_cortex.o
 .ARM.attributes
                0x0000013a       0x39 Drivers\STM32F4xx_HAL_Driver\Src\stm32f4xx_hal_dma.o
 .ARM.attributes
                0x00000173       0x39 Drivers\STM32F4xx_HAL_Driver\Src\stm32f4xx_hal_gpio.o
 .ARM.attributes
                0x000001ac       0x39 Drivers\STM32F4xx_HAL_Driver\Src\stm32f4xx_hal_hcd.o
 .ARM.attributes
                0x000001e5       0x39 Drivers\STM32F4xx_HAL_Driver\Src\stm32f4xx_hal_i2c.o
 .ARM.attributes
                0x0000021e       0x39 Drivers\STM32F4xx_HAL_Driver\Src\stm32f4xx_hal_i2s.o
 .ARM.attributes
                0x00000257       0x39 Drivers\STM32F4xx_HAL_Driver\Src\stm32f4xx_hal_i2s_ex.o
 .ARM.attributes
                0x00000290       0x39 Drivers\STM32F4xx_HAL_Driver\Src\stm32f4xx_hal_rcc.o
 .ARM.attributes
                0x000002c9       0x39 Drivers\STM32F4xx_HAL_Driver\Src\stm32f4xx_hal_rcc_ex.o
 .ARM.attributes
                0x00000302       0x39 Drivers\STM32F4xx_HAL_Driver\Src\stm32f4xx_hal_tim.o
 .ARM.attributes
                0x0000033b       0x39 Drivers\STM32F4xx_HAL_Driver\Src\stm32f4xx_hal_tim_ex.o
 .ARM.attributes
                0x00000374       0x39 Drivers\STM32F4xx_HAL_Driver\Src\stm32f4xx_ll_usb.o
 .ARM.attributes
                0x000003ad       0x39 Middlewares\diskio.o
 .ARM.attributes
                0x000003e6       0x39 Middlewares\drivers\usbh_diskio.o
 .ARM.attributes
                0x0000041f       0x39 Middlewares\ff.o
 .ARM.attributes
                0x00000458       0x39 Middlewares\ff_gen_drv.o
 .ARM.attributes
                0x00000491       0x39 Middlewares\option\syscall.o
 .ARM.attributes
                0x000004ca       0x39 Middlewares\option\unicode.o
 .ARM.attributes
                0x00000503       0x39 STM32_USB_Host_Library\Class\MSC\Src\usbh_msc.o
 .ARM.attributes
                0x0000053c       0x39 STM32_USB_Host_Library\Class\MSC\Src\usbh_msc_bot.o
 .ARM.attributes
                0x00000575       0x39 STM32_USB_Host_Library\Class\MSC\Src\usbh_msc_scsi.o
 .ARM.attributes
                0x000005ae       0x39 STM32_USB_Host_Library\Core\Src\usbh_core.o
 .ARM.attributes
                0x000005e7       0x39 STM32_USB_Host_Library\Core\Src\usbh_ctlreq.o
 .ARM.attributes
                0x00000620       0x39 STM32_USB_Host_Library\Core\Src\usbh_ioreq.o
 .ARM.attributes
                0x00000659       0x39 STM32_USB_Host_Library\Core\Src\usbh_pipes.o
 .ARM.attributes
                0x00000692       0x39 Src\main.o
 .ARM.attributes
                0x000006cb       0x39 Src\stm32f411e_discovery.o
 .ARM.attributes
                0x00000704       0x39 Src\stm32f411e_discovery_accelerometer.o
 .ARM.attributes
                0x0000073d       0x39 Src\stm32f411e_discovery_audio.o
 .ARM.attributes
                0x00000776       0x39 Src\stm32f4xx_hal_msp.o
 .ARM.attributes
                0x000007af       0x39 Src\stm32f4xx_it.o
 .ARM.attributes
                0x000007e8       0x39 Src\system_stm32f4xx.o
 .ARM.attributes
                0x00000821       0x39 Src\usbh_conf.o
 .ARM.attributes
                0x0000085a       0x39 Src\waveplayer.o
 .ARM.attributes
                0x00000893       0x39 Src\waverecorder.o
 .ARM.attributes
                0x000008cc       0x21 startup\startup_stm32f411xe.o
 .ARM.attributes
                0x000008ed       0x35 C:\Users\Pieter Goos\Google Drive\Stellenbosch University\5th Year\Examples\AudioTest\Middlewares\libPDMFilter_CM4F_GCC.a(pdm_filter.o)
 .ARM.attributes
                0x00000922       0x34 c:/program files (x86)/atollic/truestudio for stm32 9.2.0/armtools/bin/../lib/gcc/arm-atollic-eabi/6.3.1/../../../../arm-atollic-eabi/lib/armv7e-m/fpu\libc_nano.a(lib_a-init.o)
 .ARM.attributes
                0x00000956       0x34 c:/program files (x86)/atollic/truestudio for stm32 9.2.0/armtools/bin/../lib/gcc/arm-atollic-eabi/6.3.1/../../../../arm-atollic-eabi/lib/armv7e-m/fpu\libc_nano.a(lib_a-malloc.o)
 .ARM.attributes
                0x0000098a       0x34 c:/program files (x86)/atollic/truestudio for stm32 9.2.0/armtools/bin/../lib/gcc/arm-atollic-eabi/6.3.1/../../../../arm-atollic-eabi/lib/armv7e-m/fpu\libc_nano.a(lib_a-memcpy-stub.o)
 .ARM.attributes
                0x000009be       0x34 c:/program files (x86)/atollic/truestudio for stm32 9.2.0/armtools/bin/../lib/gcc/arm-atollic-eabi/6.3.1/../../../../arm-atollic-eabi/lib/armv7e-m/fpu\libc_nano.a(lib_a-memset.o)
 .ARM.attributes
                0x000009f2       0x34 c:/program files (x86)/atollic/truestudio for stm32 9.2.0/armtools/bin/../lib/gcc/arm-atollic-eabi/6.3.1/../../../../arm-atollic-eabi/lib/armv7e-m/fpu\libc_nano.a(lib_a-nano-freer.o)
 .ARM.attributes
                0x00000a26       0x34 c:/program files (x86)/atollic/truestudio for stm32 9.2.0/armtools/bin/../lib/gcc/arm-atollic-eabi/6.3.1/../../../../arm-atollic-eabi/lib/armv7e-m/fpu\libc_nano.a(lib_a-nano-mallocr.o)
 .ARM.attributes
                0x00000a5a       0x34 c:/program files (x86)/atollic/truestudio for stm32 9.2.0/armtools/bin/../lib/gcc/arm-atollic-eabi/6.3.1/../../../../arm-atollic-eabi/lib/armv7e-m/fpu\libc_nano.a(lib_a-sbrkr.o)
 .ARM.attributes
                0x00000a8e       0x34 c:/program files (x86)/atollic/truestudio for stm32 9.2.0/armtools/bin/../lib/gcc/arm-atollic-eabi/6.3.1/../../../../arm-atollic-eabi/lib/armv7e-m/fpu\libc_nano.a(lib_a-impure.o)
 .ARM.attributes
                0x00000ac2       0x34 c:/program files (x86)/atollic/truestudio for stm32 9.2.0/armtools/bin/../lib/gcc/arm-atollic-eabi/6.3.1/../../../../arm-atollic-eabi/lib/armv7e-m/fpu\libc_nano.a(lib_a-mlock.o)
 .ARM.attributes
                0x00000af6       0x34 c:/program files (x86)/atollic/truestudio for stm32 9.2.0/armtools/bin/../lib/gcc/arm-atollic-eabi/6.3.1/../../../../arm-atollic-eabi/lib/armv7e-m/fpu\libc_nano.a(lib_a-reent.o)
 .ARM.attributes
                0x00000b2a       0x34 c:/program files (x86)/atollic/truestudio for stm32 9.2.0/armtools/bin/../lib/gcc/arm-atollic-eabi/6.3.1/../../../../arm-atollic-eabi/lib/armv7e-m/fpu\libm.a(lib_a-s_cos.o)
 .ARM.attributes
                0x00000b5e       0x34 c:/program files (x86)/atollic/truestudio for stm32 9.2.0/armtools/bin/../lib/gcc/arm-atollic-eabi/6.3.1/../../../../arm-atollic-eabi/lib/armv7e-m/fpu\libm.a(lib_a-w_sqrt.o)
 .ARM.attributes
                0x00000b92       0x34 c:/program files (x86)/atollic/truestudio for stm32 9.2.0/armtools/bin/../lib/gcc/arm-atollic-eabi/6.3.1/../../../../arm-atollic-eabi/lib/armv7e-m/fpu\libm.a(lib_a-e_rem_pio2.o)
 .ARM.attributes
                0x00000bc6       0x34 c:/program files (x86)/atollic/truestudio for stm32 9.2.0/armtools/bin/../lib/gcc/arm-atollic-eabi/6.3.1/../../../../arm-atollic-eabi/lib/armv7e-m/fpu\libm.a(lib_a-e_sqrt.o)
 .ARM.attributes