21:54:59 **** Incremental Build of configuration Debug for project AudioTest ****
Info: Internal Builder is used for build
arm-atollic-eabi-gcc -c -mthumb -mcpu=cortex-m4 -mfloat-abi=hard -mfpu=fpv4-sp-d16 -std=gnu11 -D__weak=__attribute__((weak)) -D__packed=__attribute__((__packed__)) -DUSE_HAL_DRIVER -DSTM32F411xE -DUSE_STM32F411E_DISCO -I../Inc -I../Drivers/STM32F4xx_HAL_Driver/Inc -I../Drivers/STM32F4xx_HAL_Driver/Inc/Legacy -I../Drivers/CMSIS/Device/ST/STM32F4xx/Include -I../Drivers/CMSIS/Include -IC:\Users\Pieter Goos\Google Drive\Stellenbosch University\5th Year\Examples\AudioTest\STM32_USB_Host_Library\Core\Inc -IC:\Users\Pieter Goos\Google Drive\Stellenbosch University\5th Year\Examples\AudioTest\Middlewares -IC:\Users\Pieter Goos\Google Drive\Stellenbosch University\5th Year\Examples\AudioTest\Middlewares\drivers -IC:\Users\Pieter Goos\Google Drive\Stellenbosch University\5th Year\Examples\AudioTest\STM32_USB_Host_Library\Class\MSC\Inc -Os -ffunction-sections -fdata-sections -g -fstack-usage -Wall -specs=nano.specs -o Src\waveplayer.o ..\Src\waveplayer.c 
arm-atollic-eabi-gcc -o AudioTest.elf Components\cs43l22\cs43l22.o Components\lsm303dlhc\lsm303dlhc.o Drivers\STM32F4xx_HAL_Driver\Src\stm32f4xx_hal.o Drivers\STM32F4xx_HAL_Driver\Src\stm32f4xx_hal_cortex.o Drivers\STM32F4xx_HAL_Driver\Src\stm32f4xx_hal_dma.o Drivers\STM32F4xx_HAL_Driver\Src\stm32f4xx_hal_dma_ex.o Drivers\STM32F4xx_HAL_Driver\Src\stm32f4xx_hal_flash.o Drivers\STM32F4xx_HAL_Driver\Src\stm32f4xx_hal_flash_ex.o Drivers\STM32F4xx_HAL_Driver\Src\stm32f4xx_hal_flash_ramfunc.o Drivers\STM32F4xx_HAL_Driver\Src\stm32f4xx_hal_gpio.o Drivers\STM32F4xx_HAL_Driver\Src\stm32f4xx_hal_hcd.o Drivers\STM32F4xx_HAL_Driver\Src\stm32f4xx_hal_i2c.o Drivers\STM32F4xx_HAL_Driver\Src\stm32f4xx_hal_i2c_ex.o Drivers\STM32F4xx_HAL_Driver\Src\stm32f4xx_hal_i2s.o Drivers\STM32F4xx_HAL_Driver\Src\stm32f4xx_hal_i2s_ex.o Drivers\STM32F4xx_HAL_Driver\Src\stm32f4xx_hal_pwr.o Drivers\STM32F4xx_HAL_Driver\Src\stm32f4xx_hal_pwr_ex.o Drivers\STM32F4xx_HAL_Driver\Src\stm32f4xx_hal_rcc.o Drivers\STM32F4xx_HAL_Driver\Src\stm32f4xx_hal_rcc_ex.o Drivers\STM32F4xx_HAL_Driver\Src\stm32f4xx_hal_spi.o Drivers\STM32F4xx_HAL_Driver\Src\stm32f4xx_hal_tim.o Drivers\STM32F4xx_HAL_Driver\Src\stm32f4xx_hal_tim_ex.o Drivers\STM32F4xx_HAL_Driver\Src\stm32f4xx_ll_fmc.o Drivers\STM32F4xx_HAL_Driver\Src\stm32f4xx_ll_usb.o Middlewares\diskio.o Middlewares\drivers\usbh_diskio.o Middlewares\ff.o Middlewares\ff_gen_drv.o Middlewares\option\syscall.o Middlewares\option\unicode.o STM32_USB_Host_Library\Class\MSC\Src\usbh_msc.o STM32_USB_Host_Library\Class\MSC\Src\usbh_msc_bot.o STM32_USB_Host_Library\Class\MSC\Src\usbh_msc_scsi.o STM32_USB_Host_Library\Core\Src\usbh_core.o STM32_USB_Host_Library\Core\Src\usbh_ctlreq.o STM32_USB_Host_Library\Core\Src\usbh_ioreq.o STM32_USB_Host_Library\Core\Src\usbh_pipes.o Src\main.o Src\stm32f411e_discovery.o Src\stm32f411e_discovery_accelerometer.o Src\stm32f411e_discovery_audio.o Src\stm32f4xx_hal_msp.o Src\stm32f4xx_it.o Src\system_stm32f4xx.o Src\usbh_conf.o Src\waveplayer.o Src\waverecorder.o startup\startup_stm32f411xe.o -l:libPDMFilter_CM4F_GCC.a -mthumb -mcpu=cortex-m4 -mfloat-abi=hard -mfpu=fpv4-sp-d16 -T../STM32F411VE_FLASH.ld -specs=nosys.specs -static -LC:\Users\Pieter Goos\Google Drive\Stellenbosch University\5th Year\Examples\AudioTest\Middlewares -Wl,-Map=AudioTest.map -Wl,--gc-sections -Wl,--defsym=malloc_getpagesize_P=0x80 -Wl,--start-group -lc -lm -Wl,--end-group -specs=nano.specs 
C:\Program Files (x86)\Atollic\TrueSTUDIO for STM32 9.2.0\ide\jre\bin\java -jar C:\Program Files (x86)\Atollic\TrueSTUDIO for STM32 9.2.0\Tools\arm-atollic-reports.jar sizeinfo list AudioTest.elf 
Generate build reports...
Print size information
   text	   data	    bss	    dec	    hex	filename
  45704	   1060	  42568	  89332	  15cf4	AudioTest.elf
Print size information done
Generate listing file
Output sent to: AudioTest.list
Generate listing file done
Generate build reports done

21:55:04 Build Finished (took 4s.511ms)

